#
# A fatal error has been detected by the Java Runtime Environment:
#
#  EXCEPTION_STACK_OVERFLOW (0xc00000fd) at pc=0x00007ffe6f8a6793, pid=24904, tid=18808
#
# JRE version: OpenJDK Runtime Environment Temurin-21.0.11+10 (21.0.11+10) (build 21.0.11+10-LTS)
# Java VM: OpenJDK 64-Bit Server VM Temurin-21.0.11+10 (21.0.11+10-LTS, mixed mode, tiered, compressed oops, compressed class ptrs, parallel gc, windows-amd64)
# Problematic frame:
# V  [jvm.dll+0x3e6793]
#
# No core dump will be written. Minidumps are not enabled by default on client versions of Windows
#
# If you would like to submit a bug report, please visit:
#   https://github.com/adoptium/adoptium-support/issues
#

---------------  S U M M A R Y ------------

Command Line: --add-modules=ALL-SYSTEM --add-opens=java.base/java.util=ALL-UNNAMED --add-opens=java.base/java.lang=ALL-UNNAMED --add-opens=java.base/sun.nio.fs=ALL-UNNAMED -Declipse.application=org.eclipse.jdt.ls.core.id1 -Dosgi.bundles.defaultStartLevel=4 -Declipse.product=org.eclipse.jdt.ls.core.product -Djava.import.generatesMetadataFilesAtProjectRoot=false -DDetectVMInstallationsJob.disabled=true -Dfile.encoding=utf8 -XX:+UseParallelGC -XX:GCTimeRatio=4 -XX:AdaptiveSizePolicyWeight=90 -Dsun.zip.disableMemoryMapping=true -Xmx2G -Xms100m -Xlog:disable -javaagent:c:\Users\ThinkPad\.antigravity-ide\extensions\redhat.java-1.55.0-win32-x64\lombok\lombok-1.18.39-4050.jar c:\Users\ThinkPad\.antigravity-ide\extensions\redhat.java-1.55.0-win32-x64\server\plugins\org.eclipse.equinox.launcher_1.7.200.v20260619-2039.jar -configuration c:\Users\ThinkPad\AppData\Roaming\Antigravity IDE\User\globalStorage\redhat.java\1.55.0\config_ss_win -data c:\Users\ThinkPad\AppData\Roaming\Antigravity IDE\User\workspaceStorage\a05a4211618267dee605019d3ba8c7cf\redhat.java\ss_ws --pipe=\\.\pipe\lsp-083c7f2defdd84666f5f3b0e6c48725d-sock

Host: Intel(R) Core(TM) i7-6600U CPU @ 2.60GHz, 4 cores, 15G,  Windows 10 , 64 bit Build 19041 (10.0.19041.5915)
Time: Mon Aug  3 11:37:35 2026 Südostasiatische Normalzeit elapsed time: 0.185796 seconds (0d 0h 0m 0s)

---------------  T H R E A D  ---------------

Current thread (0x0000013e131bddf0):  JavaThread "Finalizer" daemon [_thread_in_vm, id=18808, stack(0x000000337e900000,0x000000337ea00000) (1024K)]

Stack: [0x000000337e900000,0x000000337ea00000],  sp=0x000000337e9ff460,  free space=1021k
Native frames: (J=compiled Java code, j=interpreted, Vv=VM code, C=native code)
V  [jvm.dll+0x3e6793]
V  [jvm.dll+0x6d7d32]
V  [jvm.dll+0x3e73fb]
V  [jvm.dll+0x3e7687]
V  [jvm.dll+0x47a126]
V  [jvm.dll+0x3f868e]
V  [jvm.dll+0x85fb0d]
