#
# There is insufficient memory for the Java Runtime Environment to continue.
# Native memory allocation (malloc) failed to allocate 12362712 bytes. Error detail: Chunk::new
# Possible reasons:
#   The system is out of physical RAM or swap space
#   This process is running with CompressedOops enabled, and the Java Heap may be blocking the growth of the native heap
# Possible solutions:
#   Reduce memory load on the system
#   Increase physical memory or swap space
#   Check if swap backing store is full
#   Decrease Java heap size (-Xmx/-Xms)
#   Decrease number of Java threads
#   Decrease Java thread stack sizes (-Xss)
#   Set larger code cache with -XX:ReservedCodeCacheSize=
#   JVM is running with Unscaled Compressed Oops mode in which the Java heap is
#     placed in the first 4GB address space. The Java Heap base address is the
#     maximum limit for the native heap growth. Please use -XX:HeapBaseMinAddress
#     to set the Java Heap base and to place the Java Heap above 4GB virtual address.
# This output file may be truncated or incomplete.
#
#  Out of Memory Error (arena.cpp:186), pid=12984, tid=13292
#
# JRE version: OpenJDK Runtime Environment Temurin-25.0.3+9 (25.0.3+9) (build 25.0.3+9-LTS)
# Java VM: OpenJDK 64-Bit Server VM Temurin-25.0.3+9 (25.0.3+9-LTS, mixed mode, sharing, tiered, compressed oops, compressed class ptrs, g1 gc, windows-amd64)
# No core dump will be written. Minidumps are not enabled by default on client versions of Windows
#

---------------  S U M M A R Y ------------

Command Line: --add-opens=java.base/java.lang=ALL-UNNAMED --add-opens=java.base/java.lang.invoke=ALL-UNNAMED --add-opens=java.base/java.util=ALL-UNNAMED --add-opens=java.prefs/java.util.prefs=ALL-UNNAMED --add-exports=jdk.compiler/com.sun.tools.javac.api=ALL-UNNAMED --add-exports=jdk.compiler/com.sun.tools.javac.util=ALL-UNNAMED --add-opens=java.base/java.util=ALL-UNNAMED --add-opens=java.prefs/java.util.prefs=ALL-UNNAMED --add-opens=java.base/java.nio.charset=ALL-UNNAMED --add-opens=java.base/java.net=ALL-UNNAMED --add-opens=java.base/java.util.concurrent=ALL-UNNAMED --add-opens=java.base/java.util.concurrent.atomic=ALL-UNNAMED --add-opens=java.xml/javax.xml.namespace=ALL-UNNAMED --add-opens=java.base/java.time=ALL-UNNAMED --enable-native-access=ALL-UNNAMED -XX:MaxMetaspaceSize=384m -XX:+HeapDumpOnOutOfMemoryError -Xms256m -Xmx512m -Dfile.encoding=UTF-8 -Duser.country=DE -Duser.language=de -Duser.variant -javaagent:C:\Users\ThinkPad\.gradle\wrapper\dists\gradle-9.2.0-bin\11i5gvueggl8a5cioxuftxrik\gradle-9.2.0\lib\agents\gradle-instrumentation-agent-9.2.0.jar org.gradle.launcher.daemon.bootstrap.GradleDaemon 9.2.0

Host: Intel(R) Core(TM) i7-6600U CPU @ 2.60GHz, 4 cores, 15G,  Windows 10 , 64 bit Build 19041 (10.0.19041.5915)
Time: Tue Jul 14 21:50:40 2026 Südostasiatische Normalzeit elapsed time: 4.718405 seconds (0d 0h 0m 4s)

---------------  T H R E A D  ---------------

Current thread (0x00000200662e6610):  JavaThread "C2 CompilerThread1" daemon [_thread_in_native, id=13292, stack(0x000000f945400000,0x000000f945500000) (1024K)]


Current CompileTask:
C2:4718 3068       4       jdk.internal.classfile.impl.StackMapGenerator::processBlock (2767 bytes)

Stack: [0x000000f945400000,0x000000f945500000]
Native frames: (J=compiled Java code, j=interpreted, Vv=VM code, C=native code)
V  [jvm.dll+0x7aa709]  (no source info available)
V  [jvm.dll+0x7749ed]  (no source info available)
V  [jvm.dll+0x9f7433]  (no source info available)
V  [jvm.dll+0x9f9a21]  (no source info available)
V  [jvm.dll+0x9fa133]  (no source info available)
V  [jvm.dll+0x2fd266]  (no source info available)
V  [jvm.dll+0x1113c6]  (no source info available)
V  [jvm.dll+0x1116ee]  (no source info available)
V  [jvm.dll+0x1a0342]  (no source info available)
V  [jvm.dll+0x3b67e2]  (no source info available)
V  [jvm.dll+0x7b007c]  (no source info available)
V  [jvm.dll+0x2c0847]  (no source info available)
V  [jvm.dll+0x2bf80f]  (no source info available)
V  [jvm.dll+0x2374a0]  (no source info available)
V  [jvm.dll+0x2cf906]  (no source info available)
V  [jvm.dll+0x2cdb8a]  (no source info available)
V  [jvm.dll+0x49070e]  (no source info available)
V  [jvm.dll+0x99894d]  (no source info available)
V  [jvm.dll+0x7a8ce5]  (no source info available)
C  [ucrtbase.dll+0x21bb2]  (no source info available)
C  [KERNEL32.DLL+0x17374]  (no source info available)
C  [ntdll.dll+0x4cc91]  (no source info available)

Lock stack of current Java thread (top to bottom):


---------------  P R O C E S S  ---------------

Threads class SMR info:
_java_thread_list=0x0000020066562e70, length=25, elements={
0x000002004558bca0, 0x0000020060021bc0, 0x0000020060022380, 0x0000020060025e20,
0x00000200600265e0, 0x0000020060026da0, 0x0000020060027560, 0x0000020060037c00,
0x000002006003a420, 0x00000200601e7be0, 0x000002006029bc30, 0x0000020066130a30,
0x00000200662d41a0, 0x00000200663552e0, 0x000002006660c040, 0x000002006002c9a0,
0x00000200665fd2c0, 0x0000020066604020, 0x0000020066603850, 0x00000200665fe260,
0x00000200666028b0, 0x00000200665fea30, 0x00000200665ff9d0, 0x0000020066601910,
0x00000200662e6610
}

Java Threads: ( => current thread )
  0x000002004558bca0 JavaThread "main"                              [_thread_blocked, id=15228, stack(0x000000f943200000,0x000000f943300000) (1024K)]
  0x0000020060021bc0 JavaThread "Reference Handler"          daemon [_thread_blocked, id=18864, stack(0x000000f943a00000,0x000000f943b00000) (1024K)]
  0x0000020060022380 JavaThread "Finalizer"                  daemon [_thread_blocked, id=22908, stack(0x000000f943b00000,0x000000f943c00000) (1024K)]
  0x0000020060025e20 JavaThread "Signal Dispatcher"          daemon [_thread_blocked, id=10064, stack(0x000000f943c00000,0x000000f943d00000) (1024K)]
  0x00000200600265e0 JavaThread "Attach Listener"            daemon [_thread_blocked, id=18952, stack(0x000000f943d00000,0x000000f943e00000) (1024K)]
  0x0000020060026da0 JavaThread "Service Thread"             daemon [_thread_blocked, id=11148, stack(0x000000f943e00000,0x000000f943f00000) (1024K)]
  0x0000020060027560 JavaThread "Monitor Deflation Thread"   daemon [_thread_blocked, id=18516, stack(0x000000f943f00000,0x000000f944000000) (1024K)]
  0x0000020060037c00 JavaThread "C2 CompilerThread0"         daemon [_thread_in_native, id=16780, stack(0x000000f944000000,0x000000f944100000) (1024K)]
  0x000002006003a420 JavaThread "C1 CompilerThread0"         daemon [_thread_blocked, id=21752, stack(0x000000f944100000,0x000000f944200000) (1024K)]
  0x00000200601e7be0 JavaThread "Common-Cleaner"             daemon [_thread_blocked, id=13940, stack(0x000000f944200000,0x000000f944300000) (1024K)]
  0x000002006029bc30 JavaThread "Notification Thread"        daemon [_thread_blocked, id=22928, stack(0x000000f944300000,0x000000f944400000) (1024K)]
  0x0000020066130a30 JavaThread "Daemon health stats"               [_thread_blocked, id=12876, stack(0x000000f944400000,0x000000f944500000) (1024K)]
  0x00000200662d41a0 JavaThread "Incoming local TCP Connector on port 50588"        [_thread_in_native, id=23648, stack(0x000000f944900000,0x000000f944a00000) (1024K)]
  0x00000200663552e0 JavaThread "Daemon periodic checks"            [_thread_blocked, id=12484, stack(0x000000f944a00000,0x000000f944b00000) (1024K)]
  0x000002006660c040 JavaThread "Daemon"                            [_thread_blocked, id=16996, stack(0x000000f944b00000,0x000000f944c00000) (1024K)]
  0x000002006002c9a0 JavaThread "Handler for socket connection from /127.0.0.1:50588 to /127.0.0.1:50589"        [_thread_in_native, id=25096, stack(0x000000f944c00000,0x000000f944d00000) (1024K)]
  0x00000200665fd2c0 JavaThread "Cancel handler"                    [_thread_blocked, id=23700, stack(0x000000f944800000,0x000000f944900000) (1024K)]
  0x0000020066604020 JavaThread "Daemon worker"                     [_thread_in_Java, id=18316, stack(0x000000f944d00000,0x000000f944e00000) (1024K)]
  0x0000020066603850 JavaThread "Asynchronous log dispatcher for DefaultDaemonConnection: socket connection from /127.0.0.1:50588 to /127.0.0.1:50589"        [_thread_blocked, id=1000, stack(0x000000f944e00000,0x000000f944f00000) (1024K)]
  0x00000200665fe260 JavaThread "Stdin handler"                     [_thread_blocked, id=21080, stack(0x000000f944f00000,0x000000f945000000) (1024K)]
  0x00000200666028b0 JavaThread "Daemon client event forwarder"        [_thread_blocked, id=15460, stack(0x000000f945000000,0x000000f945100000) (1024K)]
  0x00000200665fea30 JavaThread "Cache worker for journal cache (C:\Users\ThinkPad\.gradle\caches\journal-1)"        [_thread_blocked, id=24020, stack(0x000000f945100000,0x000000f945200000) (1024K)]
  0x00000200665ff9d0 JavaThread "File lock request listener"        [_thread_in_native, id=22560, stack(0x000000f945200000,0x000000f945300000) (1024K)]
  0x0000020066601910 JavaThread "Cache worker for file hash cache (C:\Users\ThinkPad\.gradle\caches\9.2.0\fileHashes)"        [_thread_blocked, id=24476, stack(0x000000f945300000,0x000000f945400000) (1024K)]
=>0x00000200662e6610 JavaThread "C2 CompilerThread1"         daemon [_thread_in_native, id=13292, stack(0x000000f945400000,0x000000f945500000) (1024K)]
Total: 25

Other Threads:
  0x0000020045640e10 VMThread "VM Thread"                           [id=18748, stack(0x000000f943900000,0x000000f943a00000) (1024K)]
  0x000002004562f800 WatcherThread "VM Periodic Task Thread"        [id=21820, stack(0x000000f943800000,0x000000f943900000) (1024K)]
  0x00000200455bc980 WorkerThread "GC Thread#0"                     [id=4944, stack(0x000000f943300000,0x000000f943400000) (1024K)]
  0x00000200609809d0 WorkerThread "GC Thread#1"                     [id=9956, stack(0x000000f944500000,0x000000f944600000) (1024K)]
  0x00000200604e94f0 WorkerThread "GC Thread#2"                     [id=11820, stack(0x000000f944600000,0x000000f944700000) (1024K)]
  0x00000200608f2d90 WorkerThread "GC Thread#3"                     [id=25572, stack(0x000000f944700000,0x000000f944800000) (1024K)]
  0x00000200455d2bd0 ConcurrentGCThread "G1 Main Marker"            [id=360, stack(0x000000f943400000,0x000000f943500000) (1024K)]
  0x00000200455d3f10 WorkerThread "G1 Conc#0"                       [id=2996, stack(0x000000f943500000,0x000000f943600000) (1024K)]
  0x000002004561a900 ConcurrentGCThread "G1 Refine#0"               [id=19012, stack(0x000000f943600000,0x000000f943700000) (1024K)]
  0x000002004561f120 ConcurrentGCThread "G1 Service"                [id=13644, stack(0x000000f943700000,0x000000f943800000) (1024K)]
Total: 10

Threads with active compile tasks:
C2 CompilerThread0  4876 2974   !   4       java.lang.ClassLoader::loadClass (121 bytes)
C1 CompilerThread0  4876 3086       3       java.lang.invoke.MethodTypeForm::<init> (322 bytes)
C2 CompilerThread1  4876 3068       4       jdk.internal.classfile.impl.StackMapGenerator::processBlock (2767 bytes)
Total: 3

VM state: not at safepoint (normal execution)

VM Mutex/Monitor currently owned by a thread: None

Heap address: 0x00000000e0000000, size: 512 MB, Compressed Oops mode: 32-bit

CDS archive(s) mapped at: [0x0000000065000000-0x0000000065dd0000-0x0000000065dd0000), size 14483456, SharedBaseAddress: 0x0000000065000000, ArchiveRelocationMode: 1.
Compressed class space mapped at: 0x0000000066000000-0x000000007a000000, reserved size: 335544320
UseCompressedClassPointers 1, UseCompactObjectHeaders 0
Narrow klass pointer bits 32, Max shift 3
Narrow klass base: 0x0000000065000000, Narrow klass shift: 0
Encoding Range: [0x0000000065000000 - 0x0000000165000000), (4294967296 bytes)
Klass Range:    [0x0000000065010000 - 0x000000007a000000), (352256000 bytes)
Klass ID Range:  [65536 - 352321529) (352255993)
Protection zone: [0x0000000065000000 - 0x0000000065010000), (65536 bytes)

GC Precious Log:
 CardTable entry size: 512
 Card Set container configuration: InlinePtr #cards 5 size 8 Array Of Cards #cards 10 size 36 Howl #buckets 4 coarsen threshold 1843 Howl Bitmap #cards 512 size 80 coarsen threshold 460 Card regions per heap region 1 cards per card region 2048
 CPUs: 4 total, 4 available
 Memory: 16251M
 Large Page Support: Disabled
 NUMA Support: Disabled
 Compressed Oops: Enabled (32-bit)
 Heap Region Size: 1M
 Heap Min Capacity: 256M
 Heap Initial Capacity: 256M
 Heap Max Capacity: 512M
 Pre-touch: Disabled
 Parallel Workers: 4
 Concurrent Workers: 1
 Concurrent Refinement Workers: 4
 Periodic GC: Disabled

Heap:
 garbage-first heap   total reserved 524288K, committed 264192K, used 51959K [0x00000000e0000000, 0x0000000100000000)
  region size 1024K, 45 young (46080K), 14 survivors (14336K)

Heap Regions: E=young(eden), S=young(survivor), O=old, HS=humongous(starts), HC=humongous(continues), CS=collection set, F=free, TAMS=top-at-mark-start, PB=parsable bottom
|   0|0x00000000e0000000, 0x00000000e0099440, 0x00000000e0100000| 59%| O|  |TAMS 0x00000000e0000000| PB 0x00000000e0000000| Untracked |  0
|   1|0x00000000e0100000, 0x00000000e0200000, 0x00000000e0200000|100%|HS|  |TAMS 0x00000000e0100000| PB 0x00000000e0100000| Complete |  0
|   2|0x00000000e0200000, 0x00000000e0300000, 0x00000000e0300000|100%|HC|  |TAMS 0x00000000e0200000| PB 0x00000000e0200000| Complete |  0
|   3|0x00000000e0300000, 0x00000000e0400000, 0x00000000e0400000|100%|HC|  |TAMS 0x00000000e0300000| PB 0x00000000e0300000| Complete |  0
|   4|0x00000000e0400000, 0x00000000e0500000, 0x00000000e0500000|100%|HC|  |TAMS 0x00000000e0400000| PB 0x00000000e0400000| Complete |  0
|   5|0x00000000e0500000, 0x00000000e0600000, 0x00000000e0600000|100%|HS|  |TAMS 0x00000000e0500000| PB 0x00000000e0500000| Complete |  0
|   6|0x00000000e0600000, 0x00000000e0600000, 0x00000000e0700000|  0%| F|  |TAMS 0x00000000e0600000| PB 0x00000000e0600000| Untracked |  0
|   7|0x00000000e0700000, 0x00000000e0700000, 0x00000000e0800000|  0%| F|  |TAMS 0x00000000e0700000| PB 0x00000000e0700000| Untracked |  0
|   8|0x00000000e0800000, 0x00000000e0800000, 0x00000000e0900000|  0%| F|  |TAMS 0x00000000e0800000| PB 0x00000000e0800000| Untracked |  0
|   9|0x00000000e0900000, 0x00000000e0900000, 0x00000000e0a00000|  0%| F|  |TAMS 0x00000000e0900000| PB 0x00000000e0900000| Untracked |  0
|  10|0x00000000e0a00000, 0x00000000e0a00000, 0x00000000e0b00000|  0%| F|  |TAMS 0x00000000e0a00000| PB 0x00000000e0a00000| Untracked |  0
|  11|0x00000000e0b00000, 0x00000000e0b00000, 0x00000000e0c00000|  0%| F|  |TAMS 0x00000000e0b00000| PB 0x00000000e0b00000| Untracked |  0
|  12|0x00000000e0c00000, 0x00000000e0c00000, 0x00000000e0d00000|  0%| F|  |TAMS 0x00000000e0c00000| PB 0x00000000e0c00000| Untracked |  0
|  13|0x00000000e0d00000, 0x00000000e0d00000, 0x00000000e0e00000|  0%| F|  |TAMS 0x00000000e0d00000| PB 0x00000000e0d00000| Untracked |  0
|  14|0x00000000e0e00000, 0x00000000e0e00000, 0x00000000e0f00000|  0%| F|  |TAMS 0x00000000e0e00000| PB 0x00000000e0e00000| Untracked |  0
|  15|0x00000000e0f00000, 0x00000000e0f00000, 0x00000000e1000000|  0%| F|  |TAMS 0x00000000e0f00000| PB 0x00000000e0f00000| Untracked |  0
|  16|0x00000000e1000000, 0x00000000e1000000, 0x00000000e1100000|  0%| F|  |TAMS 0x00000000e1000000| PB 0x00000000e1000000| Untracked |  0
|  17|0x00000000e1100000, 0x00000000e1100000, 0x00000000e1200000|  0%| F|  |TAMS 0x00000000e1100000| PB 0x00000000e1100000| Untracked |  0
|  18|0x00000000e1200000, 0x00000000e1200000, 0x00000000e1300000|  0%| F|  |TAMS 0x00000000e1200000| PB 0x00000000e1200000| Untracked |  0
|  19|0x00000000e1300000, 0x00000000e1300000, 0x00000000e1400000|  0%| F|  |TAMS 0x00000000e1300000| PB 0x00000000e1300000| Untracked |  0
|  20|0x00000000e1400000, 0x00000000e1400000, 0x00000000e1500000|  0%| F|  |TAMS 0x00000000e1400000| PB 0x00000000e1400000| Untracked |  0
|  21|0x00000000e1500000, 0x00000000e1500000, 0x00000000e1600000|  0%| F|  |TAMS 0x00000000e1500000| PB 0x00000000e1500000| Untracked |  0
|  22|0x00000000e1600000, 0x00000000e1600000, 0x00000000e1700000|  0%| F|  |TAMS 0x00000000e1600000| PB 0x00000000e1600000| Untracked |  0
|  23|0x00000000e1700000, 0x00000000e1700000, 0x00000000e1800000|  0%| F|  |TAMS 0x00000000e1700000| PB 0x00000000e1700000| Untracked |  0
|  24|0x00000000e1800000, 0x00000000e1800000, 0x00000000e1900000|  0%| F|  |TAMS 0x00000000e1800000| PB 0x00000000e1800000| Untracked |  0
|  25|0x00000000e1900000, 0x00000000e1900000, 0x00000000e1a00000|  0%| F|  |TAMS 0x00000000e1900000| PB 0x00000000e1900000| Untracked |  0
|  26|0x00000000e1a00000, 0x00000000e1a00000, 0x00000000e1b00000|  0%| F|  |TAMS 0x00000000e1a00000| PB 0x00000000e1a00000| Untracked |  0
|  27|0x00000000e1b00000, 0x00000000e1b00000, 0x00000000e1c00000|  0%| F|  |TAMS 0x00000000e1b00000| PB 0x00000000e1b00000| Untracked |  0
|  28|0x00000000e1c00000, 0x00000000e1c00000, 0x00000000e1d00000|  0%| F|  |TAMS 0x00000000e1c00000| PB 0x00000000e1c00000| Untracked |  0
|  29|0x00000000e1d00000, 0x00000000e1d00000, 0x00000000e1e00000|  0%| F|  |TAMS 0x00000000e1d00000| PB 0x00000000e1d00000| Untracked |  0
|  30|0x00000000e1e00000, 0x00000000e1e00000, 0x00000000e1f00000|  0%| F|  |TAMS 0x00000000e1e00000| PB 0x00000000e1e00000| Untracked |  0
|  31|0x00000000e1f00000, 0x00000000e1f00000, 0x00000000e2000000|  0%| F|  |TAMS 0x00000000e1f00000| PB 0x00000000e1f00000| Untracked |  0
|  32|0x00000000e2000000, 0x00000000e2000000, 0x00000000e2100000|  0%| F|  |TAMS 0x00000000e2000000| PB 0x00000000e2000000| Untracked |  0
|  33|0x00000000e2100000, 0x00000000e2100000, 0x00000000e2200000|  0%| F|  |TAMS 0x00000000e2100000| PB 0x00000000e2100000| Untracked |  0
|  34|0x00000000e2200000, 0x00000000e2200000, 0x00000000e2300000|  0%| F|  |TAMS 0x00000000e2200000| PB 0x00000000e2200000| Untracked |  0
|  35|0x00000000e2300000, 0x00000000e2300000, 0x00000000e2400000|  0%| F|  |TAMS 0x00000000e2300000| PB 0x00000000e2300000| Untracked |  0
|  36|0x00000000e2400000, 0x00000000e2400000, 0x00000000e2500000|  0%| F|  |TAMS 0x00000000e2400000| PB 0x00000000e2400000| Untracked |  0
|  37|0x00000000e2500000, 0x00000000e2500000, 0x00000000e2600000|  0%| F|  |TAMS 0x00000000e2500000| PB 0x00000000e2500000| Untracked |  0
|  38|0x00000000e2600000, 0x00000000e2600000, 0x00000000e2700000|  0%| F|  |TAMS 0x00000000e2600000| PB 0x00000000e2600000| Untracked |  0
|  39|0x00000000e2700000, 0x00000000e2700000, 0x00000000e2800000|  0%| F|  |TAMS 0x00000000e2700000| PB 0x00000000e2700000| Untracked |  0
|  40|0x00000000e2800000, 0x00000000e2800000, 0x00000000e2900000|  0%| F|  |TAMS 0x00000000e2800000| PB 0x00000000e2800000| Untracked |  0
|  41|0x00000000e2900000, 0x00000000e2900000, 0x00000000e2a00000|  0%| F|  |TAMS 0x00000000e2900000| PB 0x00000000e2900000| Untracked |  0
|  42|0x00000000e2a00000, 0x00000000e2a00000, 0x00000000e2b00000|  0%| F|  |TAMS 0x00000000e2a00000| PB 0x00000000e2a00000| Untracked |  0
|  43|0x00000000e2b00000, 0x00000000e2b00000, 0x00000000e2c00000|  0%| F|  |TAMS 0x00000000e2b00000| PB 0x00000000e2b00000| Untracked |  0
|  44|0x00000000e2c00000, 0x00000000e2c00000, 0x00000000e2d00000|  0%| F|  |TAMS 0x00000000e2c00000| PB 0x00000000e2c00000| Untracked |  0
|  45|0x00000000e2d00000, 0x00000000e2d00000, 0x00000000e2e00000|  0%| F|  |TAMS 0x00000000e2d00000| PB 0x00000000e2d00000| Untracked |  0
|  46|0x00000000e2e00000, 0x00000000e2e00000, 0x00000000e2f00000|  0%| F|  |TAMS 0x00000000e2e00000| PB 0x00000000e2e00000| Untracked |  0
|  47|0x00000000e2f00000, 0x00000000e2f00000, 0x00000000e3000000|  0%| F|  |TAMS 0x00000000e2f00000| PB 0x00000000e2f00000| Untracked |  0
|  48|0x00000000e3000000, 0x00000000e3000000, 0x00000000e3100000|  0%| F|  |TAMS 0x00000000e3000000| PB 0x00000000e3000000| Untracked |  0
|  49|0x00000000e3100000, 0x00000000e3100000, 0x00000000e3200000|  0%| F|  |TAMS 0x00000000e3100000| PB 0x00000000e3100000| Untracked |  0
|  50|0x00000000e3200000, 0x00000000e3200000, 0x00000000e3300000|  0%| F|  |TAMS 0x00000000e3200000| PB 0x00000000e3200000| Untracked |  0
|  51|0x00000000e3300000, 0x00000000e3300000, 0x00000000e3400000|  0%| F|  |TAMS 0x00000000e3300000| PB 0x00000000e3300000| Untracked |  0
|  52|0x00000000e3400000, 0x00000000e3400000, 0x00000000e3500000|  0%| F|  |TAMS 0x00000000e3400000| PB 0x00000000e3400000| Untracked |  0
|  53|0x00000000e3500000, 0x00000000e3500000, 0x00000000e3600000|  0%| F|  |TAMS 0x00000000e3500000| PB 0x00000000e3500000| Untracked |  0
|  54|0x00000000e3600000, 0x00000000e3600000, 0x00000000e3700000|  0%| F|  |TAMS 0x00000000e3600000| PB 0x00000000e3600000| Untracked |  0
|  55|0x00000000e3700000, 0x00000000e3700000, 0x00000000e3800000|  0%| F|  |TAMS 0x00000000e3700000| PB 0x00000000e3700000| Untracked |  0
|  56|0x00000000e3800000, 0x00000000e3800000, 0x00000000e3900000|  0%| F|  |TAMS 0x00000000e3800000| PB 0x00000000e3800000| Untracked |  0
|  57|0x00000000e3900000, 0x00000000e3900000, 0x00000000e3a00000|  0%| F|  |TAMS 0x00000000e3900000| PB 0x00000000e3900000| Untracked |  0
|  58|0x00000000e3a00000, 0x00000000e3a00000, 0x00000000e3b00000|  0%| F|  |TAMS 0x00000000e3a00000| PB 0x00000000e3a00000| Untracked |  0
|  59|0x00000000e3b00000, 0x00000000e3b00000, 0x00000000e3c00000|  0%| F|  |TAMS 0x00000000e3b00000| PB 0x00000000e3b00000| Untracked |  0
|  60|0x00000000e3c00000, 0x00000000e3c00000, 0x00000000e3d00000|  0%| F|  |TAMS 0x00000000e3c00000| PB 0x00000000e3c00000| Untracked |  0
|  61|0x00000000e3d00000, 0x00000000e3d00000, 0x00000000e3e00000|  0%| F|  |TAMS 0x00000000e3d00000| PB 0x00000000e3d00000| Untracked |  0
|  62|0x00000000e3e00000, 0x00000000e3e00000, 0x00000000e3f00000|  0%| F|  |TAMS 0x00000000e3e00000| PB 0x00000000e3e00000| Untracked |  0
|  63|0x00000000e3f00000, 0x00000000e3f00000, 0x00000000e4000000|  0%| F|  |TAMS 0x00000000e3f00000| PB 0x00000000e3f00000| Untracked |  0
|  64|0x00000000e4000000, 0x00000000e4000000, 0x00000000e4100000|  0%| F|  |TAMS 0x00000000e4000000| PB 0x00000000e4000000| Untracked |  0
|  65|0x00000000e4100000, 0x00000000e4100000, 0x00000000e4200000|  0%| F|  |TAMS 0x00000000e4100000| PB 0x00000000e4100000| Untracked |  0
|  66|0x00000000e4200000, 0x00000000e4200000, 0x00000000e4300000|  0%| F|  |TAMS 0x00000000e4200000| PB 0x00000000e4200000| Untracked |  0
|  67|0x00000000e4300000, 0x00000000e4300000, 0x00000000e4400000|  0%| F|  |TAMS 0x00000000e4300000| PB 0x00000000e4300000| Untracked |  0
|  68|0x00000000e4400000, 0x00000000e4400000, 0x00000000e4500000|  0%| F|  |TAMS 0x00000000e4400000| PB 0x00000000e4400000| Untracked |  0
|  69|0x00000000e4500000, 0x00000000e4500000, 0x00000000e4600000|  0%| F|  |TAMS 0x00000000e4500000| PB 0x00000000e4500000| Untracked |  0
|  70|0x00000000e4600000, 0x00000000e4600000, 0x00000000e4700000|  0%| F|  |TAMS 0x00000000e4600000| PB 0x00000000e4600000| Untracked |  0
|  71|0x00000000e4700000, 0x00000000e4700000, 0x00000000e4800000|  0%| F|  |TAMS 0x00000000e4700000| PB 0x00000000e4700000| Untracked |  0
|  72|0x00000000e4800000, 0x00000000e4800000, 0x00000000e4900000|  0%| F|  |TAMS 0x00000000e4800000| PB 0x00000000e4800000| Untracked |  0
|  73|0x00000000e4900000, 0x00000000e4900000, 0x00000000e4a00000|  0%| F|  |TAMS 0x00000000e4900000| PB 0x00000000e4900000| Untracked |  0
|  74|0x00000000e4a00000, 0x00000000e4a00000, 0x00000000e4b00000|  0%| F|  |TAMS 0x00000000e4a00000| PB 0x00000000e4a00000| Untracked |  0
|  75|0x00000000e4b00000, 0x00000000e4b00000, 0x00000000e4c00000|  0%| F|  |TAMS 0x00000000e4b00000| PB 0x00000000e4b00000| Untracked |  0
|  76|0x00000000e4c00000, 0x00000000e4c00000, 0x00000000e4d00000|  0%| F|  |TAMS 0x00000000e4c00000| PB 0x00000000e4c00000| Untracked |  0
|  77|0x00000000e4d00000, 0x00000000e4d00000, 0x00000000e4e00000|  0%| F|  |TAMS 0x00000000e4d00000| PB 0x00000000e4d00000| Untracked |  0
|  78|0x00000000e4e00000, 0x00000000e4e00000, 0x00000000e4f00000|  0%| F|  |TAMS 0x00000000e4e00000| PB 0x00000000e4e00000| Untracked |  0
|  79|0x00000000e4f00000, 0x00000000e4f00000, 0x00000000e5000000|  0%| F|  |TAMS 0x00000000e4f00000| PB 0x00000000e4f00000| Untracked |  0
|  80|0x00000000e5000000, 0x00000000e5000000, 0x00000000e5100000|  0%| F|  |TAMS 0x00000000e5000000| PB 0x00000000e5000000| Untracked |  0
|  81|0x00000000e5100000, 0x00000000e5100000, 0x00000000e5200000|  0%| F|  |TAMS 0x00000000e5100000| PB 0x00000000e5100000| Untracked |  0
|  82|0x00000000e5200000, 0x00000000e5200000, 0x00000000e5300000|  0%| F|  |TAMS 0x00000000e5200000| PB 0x00000000e5200000| Untracked |  0
|  83|0x00000000e5300000, 0x00000000e5300000, 0x00000000e5400000|  0%| F|  |TAMS 0x00000000e5300000| PB 0x00000000e5300000| Untracked |  0
|  84|0x00000000e5400000, 0x00000000e5400000, 0x00000000e5500000|  0%| F|  |TAMS 0x00000000e5400000| PB 0x00000000e5400000| Untracked |  0
|  85|0x00000000e5500000, 0x00000000e5500000, 0x00000000e5600000|  0%| F|  |TAMS 0x00000000e5500000| PB 0x00000000e5500000| Untracked |  0
|  86|0x00000000e5600000, 0x00000000e5600000, 0x00000000e5700000|  0%| F|  |TAMS 0x00000000e5600000| PB 0x00000000e5600000| Untracked |  0
|  87|0x00000000e5700000, 0x00000000e5700000, 0x00000000e5800000|  0%| F|  |TAMS 0x00000000e5700000| PB 0x00000000e5700000| Untracked |  0
|  88|0x00000000e5800000, 0x00000000e5800000, 0x00000000e5900000|  0%| F|  |TAMS 0x00000000e5800000| PB 0x00000000e5800000| Untracked |  0
|  89|0x00000000e5900000, 0x00000000e5900000, 0x00000000e5a00000|  0%| F|  |TAMS 0x00000000e5900000| PB 0x00000000e5900000| Untracked |  0
|  90|0x00000000e5a00000, 0x00000000e5a00000, 0x00000000e5b00000|  0%| F|  |TAMS 0x00000000e5a00000| PB 0x00000000e5a00000| Untracked |  0
|  91|0x00000000e5b00000, 0x00000000e5b00000, 0x00000000e5c00000|  0%| F|  |TAMS 0x00000000e5b00000| PB 0x00000000e5b00000| Untracked |  0
|  92|0x00000000e5c00000, 0x00000000e5c00000, 0x00000000e5d00000|  0%| F|  |TAMS 0x00000000e5c00000| PB 0x00000000e5c00000| Untracked |  0
|  93|0x00000000e5d00000, 0x00000000e5d00000, 0x00000000e5e00000|  0%| F|  |TAMS 0x00000000e5d00000| PB 0x00000000e5d00000| Untracked |  0
|  94|0x00000000e5e00000, 0x00000000e5e00000, 0x00000000e5f00000|  0%| F|  |TAMS 0x00000000e5e00000| PB 0x00000000e5e00000| Untracked |  0
|  95|0x00000000e5f00000, 0x00000000e5f00000, 0x00000000e6000000|  0%| F|  |TAMS 0x00000000e5f00000| PB 0x00000000e5f00000| Untracked |  0
|  96|0x00000000e6000000, 0x00000000e6000000, 0x00000000e6100000|  0%| F|  |TAMS 0x00000000e6000000| PB 0x00000000e6000000| Untracked |  0
|  97|0x00000000e6100000, 0x00000000e6100000, 0x00000000e6200000|  0%| F|  |TAMS 0x00000000e6100000| PB 0x00000000e6100000| Untracked |  0
|  98|0x00000000e6200000, 0x00000000e6200000, 0x00000000e6300000|  0%| F|  |TAMS 0x00000000e6200000| PB 0x00000000e6200000| Untracked |  0
|  99|0x00000000e6300000, 0x00000000e6300000, 0x00000000e6400000|  0%| F|  |TAMS 0x00000000e6300000| PB 0x00000000e6300000| Untracked |  0
| 100|0x00000000e6400000, 0x00000000e6400000, 0x00000000e6500000|  0%| F|  |TAMS 0x00000000e6400000| PB 0x00000000e6400000| Untracked |  0
| 101|0x00000000e6500000, 0x00000000e6500000, 0x00000000e6600000|  0%| F|  |TAMS 0x00000000e6500000| PB 0x00000000e6500000| Untracked |  0
| 102|0x00000000e6600000, 0x00000000e6600000, 0x00000000e6700000|  0%| F|  |TAMS 0x00000000e6600000| PB 0x00000000e6600000| Untracked |  0
| 103|0x00000000e6700000, 0x00000000e6700000, 0x00000000e6800000|  0%| F|  |TAMS 0x00000000e6700000| PB 0x00000000e6700000| Untracked |  0
| 104|0x00000000e6800000, 0x00000000e6800000, 0x00000000e6900000|  0%| F|  |TAMS 0x00000000e6800000| PB 0x00000000e6800000| Untracked |  0
| 105|0x00000000e6900000, 0x00000000e6900000, 0x00000000e6a00000|  0%| F|  |TAMS 0x00000000e6900000| PB 0x00000000e6900000| Untracked |  0
| 106|0x00000000e6a00000, 0x00000000e6a00000, 0x00000000e6b00000|  0%| F|  |TAMS 0x00000000e6a00000| PB 0x00000000e6a00000| Untracked |  0
| 107|0x00000000e6b00000, 0x00000000e6b00000, 0x00000000e6c00000|  0%| F|  |TAMS 0x00000000e6b00000| PB 0x00000000e6b00000| Untracked |  0
| 108|0x00000000e6c00000, 0x00000000e6c00000, 0x00000000e6d00000|  0%| F|  |TAMS 0x00000000e6c00000| PB 0x00000000e6c00000| Untracked |  0
| 109|0x00000000e6d00000, 0x00000000e6d00000, 0x00000000e6e00000|  0%| F|  |TAMS 0x00000000e6d00000| PB 0x00000000e6d00000| Untracked |  0
| 110|0x00000000e6e00000, 0x00000000e6e00000, 0x00000000e6f00000|  0%| F|  |TAMS 0x00000000e6e00000| PB 0x00000000e6e00000| Untracked |  0
| 111|0x00000000e6f00000, 0x00000000e6f00000, 0x00000000e7000000|  0%| F|  |TAMS 0x00000000e6f00000| PB 0x00000000e6f00000| Untracked |  0
| 112|0x00000000e7000000, 0x00000000e7000000, 0x00000000e7100000|  0%| F|  |TAMS 0x00000000e7000000| PB 0x00000000e7000000| Untracked |  0
| 113|0x00000000e7100000, 0x00000000e7100000, 0x00000000e7200000|  0%| F|  |TAMS 0x00000000e7100000| PB 0x00000000e7100000| Untracked |  0
| 114|0x00000000e7200000, 0x00000000e7200000, 0x00000000e7300000|  0%| F|  |TAMS 0x00000000e7200000| PB 0x00000000e7200000| Untracked |  0
| 115|0x00000000e7300000, 0x00000000e7300000, 0x00000000e7400000|  0%| F|  |TAMS 0x00000000e7300000| PB 0x00000000e7300000| Untracked |  0
| 116|0x00000000e7400000, 0x00000000e7400000, 0x00000000e7500000|  0%| F|  |TAMS 0x00000000e7400000| PB 0x00000000e7400000| Untracked |  0
| 117|0x00000000e7500000, 0x00000000e7500000, 0x00000000e7600000|  0%| F|  |TAMS 0x00000000e7500000| PB 0x00000000e7500000| Untracked |  0
| 118|0x00000000e7600000, 0x00000000e7600000, 0x00000000e7700000|  0%| F|  |TAMS 0x00000000e7600000| PB 0x00000000e7600000| Untracked |  0
| 119|0x00000000e7700000, 0x00000000e7700000, 0x00000000e7800000|  0%| F|  |TAMS 0x00000000e7700000| PB 0x00000000e7700000| Untracked |  0
| 120|0x00000000e7800000, 0x00000000e7800000, 0x00000000e7900000|  0%| F|  |TAMS 0x00000000e7800000| PB 0x00000000e7800000| Untracked |  0
| 121|0x00000000e7900000, 0x00000000e7900000, 0x00000000e7a00000|  0%| F|  |TAMS 0x00000000e7900000| PB 0x00000000e7900000| Untracked |  0
| 122|0x00000000e7a00000, 0x00000000e7a00000, 0x00000000e7b00000|  0%| F|  |TAMS 0x00000000e7a00000| PB 0x00000000e7a00000| Untracked |  0
| 123|0x00000000e7b00000, 0x00000000e7b00000, 0x00000000e7c00000|  0%| F|  |TAMS 0x00000000e7b00000| PB 0x00000000e7b00000| Untracked |  0
| 124|0x00000000e7c00000, 0x00000000e7c00000, 0x00000000e7d00000|  0%| F|  |TAMS 0x00000000e7c00000| PB 0x00000000e7c00000| Untracked |  0
| 125|0x00000000e7d00000, 0x00000000e7d00000, 0x00000000e7e00000|  0%| F|  |TAMS 0x00000000e7d00000| PB 0x00000000e7d00000| Untracked |  0
| 126|0x00000000e7e00000, 0x00000000e7e00000, 0x00000000e7f00000|  0%| F|  |TAMS 0x00000000e7e00000| PB 0x00000000e7e00000| Untracked |  0
| 127|0x00000000e7f00000, 0x00000000e7f00000, 0x00000000e8000000|  0%| F|  |TAMS 0x00000000e7f00000| PB 0x00000000e7f00000| Untracked |  0
| 128|0x00000000e8000000, 0x00000000e8000000, 0x00000000e8100000|  0%| F|  |TAMS 0x00000000e8000000| PB 0x00000000e8000000| Untracked |  0
| 129|0x00000000e8100000, 0x00000000e8100000, 0x00000000e8200000|  0%| F|  |TAMS 0x00000000e8100000| PB 0x00000000e8100000| Untracked |  0
| 130|0x00000000e8200000, 0x00000000e8300000, 0x00000000e8300000|100%| S|CS|TAMS 0x00000000e8200000| PB 0x00000000e8200000| Complete |  0
| 131|0x00000000e8300000, 0x00000000e8400000, 0x00000000e8400000|100%| S|CS|TAMS 0x00000000e8300000| PB 0x00000000e8300000| Complete |  0
| 132|0x00000000e8400000, 0x00000000e8500000, 0x00000000e8500000|100%| S|CS|TAMS 0x00000000e8400000| PB 0x00000000e8400000| Complete |  0
| 133|0x00000000e8500000, 0x00000000e8600000, 0x00000000e8600000|100%| S|CS|TAMS 0x00000000e8500000| PB 0x00000000e8500000| Complete |  0
| 134|0x00000000e8600000, 0x00000000e8700000, 0x00000000e8700000|100%| S|CS|TAMS 0x00000000e8600000| PB 0x00000000e8600000| Complete |  0
| 135|0x00000000e8700000, 0x00000000e8800000, 0x00000000e8800000|100%| S|CS|TAMS 0x00000000e8700000| PB 0x00000000e8700000| Complete |  0
| 136|0x00000000e8800000, 0x00000000e8900000, 0x00000000e8900000|100%| S|CS|TAMS 0x00000000e8800000| PB 0x00000000e8800000| Complete |  0
| 137|0x00000000e8900000, 0x00000000e8a00000, 0x00000000e8a00000|100%| S|CS|TAMS 0x00000000e8900000| PB 0x00000000e8900000| Complete |  0
| 138|0x00000000e8a00000, 0x00000000e8b00000, 0x00000000e8b00000|100%| S|CS|TAMS 0x00000000e8a00000| PB 0x00000000e8a00000| Complete |  0
| 139|0x00000000e8b00000, 0x00000000e8c00000, 0x00000000e8c00000|100%| S|CS|TAMS 0x00000000e8b00000| PB 0x00000000e8b00000| Complete |  0
| 140|0x00000000e8c00000, 0x00000000e8d00000, 0x00000000e8d00000|100%| S|CS|TAMS 0x00000000e8c00000| PB 0x00000000e8c00000| Complete |  0
| 141|0x00000000e8d00000, 0x00000000e8e00000, 0x00000000e8e00000|100%| S|CS|TAMS 0x00000000e8d00000| PB 0x00000000e8d00000| Complete |  0
| 142|0x00000000e8e00000, 0x00000000e8f00000, 0x00000000e8f00000|100%| S|CS|TAMS 0x00000000e8e00000| PB 0x00000000e8e00000| Complete |  0
| 143|0x00000000e8f00000, 0x00000000e9000000, 0x00000000e9000000|100%| S|CS|TAMS 0x00000000e8f00000| PB 0x00000000e8f00000| Complete |  0
| 144|0x00000000e9000000, 0x00000000e9000000, 0x00000000e9100000|  0%| F|  |TAMS 0x00000000e9000000| PB 0x00000000e9000000| Untracked |  0
| 145|0x00000000e9100000, 0x00000000e9100000, 0x00000000e9200000|  0%| F|  |TAMS 0x00000000e9100000| PB 0x00000000e9100000| Untracked |  0
| 146|0x00000000e9200000, 0x00000000e9200000, 0x00000000e9300000|  0%| F|  |TAMS 0x00000000e9200000| PB 0x00000000e9200000| Untracked |  0
| 147|0x00000000e9300000, 0x00000000e9300000, 0x00000000e9400000|  0%| F|  |TAMS 0x00000000e9300000| PB 0x00000000e9300000| Untracked |  0
| 148|0x00000000e9400000, 0x00000000e9400000, 0x00000000e9500000|  0%| F|  |TAMS 0x00000000e9400000| PB 0x00000000e9400000| Untracked |  0
| 149|0x00000000e9500000, 0x00000000e9500000, 0x00000000e9600000|  0%| F|  |TAMS 0x00000000e9500000| PB 0x00000000e9500000| Untracked |  0
| 150|0x00000000e9600000, 0x00000000e9600000, 0x00000000e9700000|  0%| F|  |TAMS 0x00000000e9600000| PB 0x00000000e9600000| Untracked |  0
| 151|0x00000000e9700000, 0x00000000e9700000, 0x00000000e9800000|  0%| F|  |TAMS 0x00000000e9700000| PB 0x00000000e9700000| Untracked |  0
| 152|0x00000000e9800000, 0x00000000e9800000, 0x00000000e9900000|  0%| F|  |TAMS 0x00000000e9800000| PB 0x00000000e9800000| Untracked |  0
| 153|0x00000000e9900000, 0x00000000e9900000, 0x00000000e9a00000|  0%| F|  |TAMS 0x00000000e9900000| PB 0x00000000e9900000| Untracked |  0
| 154|0x00000000e9a00000, 0x00000000e9a00000, 0x00000000e9b00000|  0%| F|  |TAMS 0x00000000e9a00000| PB 0x00000000e9a00000| Untracked |  0
| 155|0x00000000e9b00000, 0x00000000e9b00000, 0x00000000e9c00000|  0%| F|  |TAMS 0x00000000e9b00000| PB 0x00000000e9b00000| Untracked |  0
| 156|0x00000000e9c00000, 0x00000000e9c00000, 0x00000000e9d00000|  0%| F|  |TAMS 0x00000000e9c00000| PB 0x00000000e9c00000| Untracked |  0
| 157|0x00000000e9d00000, 0x00000000e9d00000, 0x00000000e9e00000|  0%| F|  |TAMS 0x00000000e9d00000| PB 0x00000000e9d00000| Untracked |  0
| 158|0x00000000e9e00000, 0x00000000e9e00000, 0x00000000e9f00000|  0%| F|  |TAMS 0x00000000e9e00000| PB 0x00000000e9e00000| Untracked |  0
| 159|0x00000000e9f00000, 0x00000000e9f00000, 0x00000000ea000000|  0%| F|  |TAMS 0x00000000e9f00000| PB 0x00000000e9f00000| Untracked |  0
| 160|0x00000000ea000000, 0x00000000ea000000, 0x00000000ea100000|  0%| F|  |TAMS 0x00000000ea000000| PB 0x00000000ea000000| Untracked |  0
| 161|0x00000000ea100000, 0x00000000ea100000, 0x00000000ea200000|  0%| F|  |TAMS 0x00000000ea100000| PB 0x00000000ea100000| Untracked |  0
| 162|0x00000000ea200000, 0x00000000ea200000, 0x00000000ea300000|  0%| F|  |TAMS 0x00000000ea200000| PB 0x00000000ea200000| Untracked |  0
| 163|0x00000000ea300000, 0x00000000ea300000, 0x00000000ea400000|  0%| F|  |TAMS 0x00000000ea300000| PB 0x00000000ea300000| Untracked |  0
| 164|0x00000000ea400000, 0x00000000ea400000, 0x00000000ea500000|  0%| F|  |TAMS 0x00000000ea400000| PB 0x00000000ea400000| Untracked |  0
| 165|0x00000000ea500000, 0x00000000ea500000, 0x00000000ea600000|  0%| F|  |TAMS 0x00000000ea500000| PB 0x00000000ea500000| Untracked |  0
| 166|0x00000000ea600000, 0x00000000ea600000, 0x00000000ea700000|  0%| F|  |TAMS 0x00000000ea600000| PB 0x00000000ea600000| Untracked |  0
| 167|0x00000000ea700000, 0x00000000ea700000, 0x00000000ea800000|  0%| F|  |TAMS 0x00000000ea700000| PB 0x00000000ea700000| Untracked |  0
| 168|0x00000000ea800000, 0x00000000ea800000, 0x00000000ea900000|  0%| F|  |TAMS 0x00000000ea800000| PB 0x00000000ea800000| Untracked |  0
| 169|0x00000000ea900000, 0x00000000ea900000, 0x00000000eaa00000|  0%| F|  |TAMS 0x00000000ea900000| PB 0x00000000ea900000| Untracked |  0
| 170|0x00000000eaa00000, 0x00000000eaa00000, 0x00000000eab00000|  0%| F|  |TAMS 0x00000000eaa00000| PB 0x00000000eaa00000| Untracked |  0
| 171|0x00000000eab00000, 0x00000000eab00000, 0x00000000eac00000|  0%| F|  |TAMS 0x00000000eab00000| PB 0x00000000eab00000| Untracked |  0
| 172|0x00000000eac00000, 0x00000000eac00000, 0x00000000ead00000|  0%| F|  |TAMS 0x00000000eac00000| PB 0x00000000eac00000| Untracked |  0
| 173|0x00000000ead00000, 0x00000000ead00000, 0x00000000eae00000|  0%| F|  |TAMS 0x00000000ead00000| PB 0x00000000ead00000| Untracked |  0
| 174|0x00000000eae00000, 0x00000000eae00000, 0x00000000eaf00000|  0%| F|  |TAMS 0x00000000eae00000| PB 0x00000000eae00000| Untracked |  0
| 175|0x00000000eaf00000, 0x00000000eaf00000, 0x00000000eb000000|  0%| F|  |TAMS 0x00000000eaf00000| PB 0x00000000eaf00000| Untracked |  0
| 176|0x00000000eb000000, 0x00000000eb000000, 0x00000000eb100000|  0%| F|  |TAMS 0x00000000eb000000| PB 0x00000000eb000000| Untracked |  0
| 177|0x00000000eb100000, 0x00000000eb100000, 0x00000000eb200000|  0%| F|  |TAMS 0x00000000eb100000| PB 0x00000000eb100000| Untracked |  0
| 178|0x00000000eb200000, 0x00000000eb200000, 0x00000000eb300000|  0%| F|  |TAMS 0x00000000eb200000| PB 0x00000000eb200000| Untracked |  0
| 179|0x00000000eb300000, 0x00000000eb300000, 0x00000000eb400000|  0%| F|  |TAMS 0x00000000eb300000| PB 0x00000000eb300000| Untracked |  0
| 180|0x00000000eb400000, 0x00000000eb400000, 0x00000000eb500000|  0%| F|  |TAMS 0x00000000eb400000| PB 0x00000000eb400000| Untracked |  0
| 181|0x00000000eb500000, 0x00000000eb500000, 0x00000000eb600000|  0%| F|  |TAMS 0x00000000eb500000| PB 0x00000000eb500000| Untracked |  0
| 182|0x00000000eb600000, 0x00000000eb600000, 0x00000000eb700000|  0%| F|  |TAMS 0x00000000eb600000| PB 0x00000000eb600000| Untracked |  0
| 183|0x00000000eb700000, 0x00000000eb700000, 0x00000000eb800000|  0%| F|  |TAMS 0x00000000eb700000| PB 0x00000000eb700000| Untracked |  0
| 184|0x00000000eb800000, 0x00000000eb800000, 0x00000000eb900000|  0%| F|  |TAMS 0x00000000eb800000| PB 0x00000000eb800000| Untracked |  0
| 185|0x00000000eb900000, 0x00000000eb900000, 0x00000000eba00000|  0%| F|  |TAMS 0x00000000eb900000| PB 0x00000000eb900000| Untracked |  0
| 186|0x00000000eba00000, 0x00000000eba00000, 0x00000000ebb00000|  0%| F|  |TAMS 0x00000000eba00000| PB 0x00000000eba00000| Untracked |  0
| 187|0x00000000ebb00000, 0x00000000ebb00000, 0x00000000ebc00000|  0%| F|  |TAMS 0x00000000ebb00000| PB 0x00000000ebb00000| Untracked |  0
| 188|0x00000000ebc00000, 0x00000000ebc00000, 0x00000000ebd00000|  0%| F|  |TAMS 0x00000000ebc00000| PB 0x00000000ebc00000| Untracked |  0
| 189|0x00000000ebd00000, 0x00000000ebd00000, 0x00000000ebe00000|  0%| F|  |TAMS 0x00000000ebd00000| PB 0x00000000ebd00000| Untracked |  0
| 190|0x00000000ebe00000, 0x00000000ebe00000, 0x00000000ebf00000|  0%| F|  |TAMS 0x00000000ebe00000| PB 0x00000000ebe00000| Untracked |  0
| 191|0x00000000ebf00000, 0x00000000ebf00000, 0x00000000ec000000|  0%| F|  |TAMS 0x00000000ebf00000| PB 0x00000000ebf00000| Untracked |  0
| 192|0x00000000ec000000, 0x00000000ec000000, 0x00000000ec100000|  0%| F|  |TAMS 0x00000000ec000000| PB 0x00000000ec000000| Untracked |  0
| 193|0x00000000ec100000, 0x00000000ec100000, 0x00000000ec200000|  0%| F|  |TAMS 0x00000000ec100000| PB 0x00000000ec100000| Untracked |  0
| 194|0x00000000ec200000, 0x00000000ec200000, 0x00000000ec300000|  0%| F|  |TAMS 0x00000000ec200000| PB 0x00000000ec200000| Untracked |  0
| 195|0x00000000ec300000, 0x00000000ec300000, 0x00000000ec400000|  0%| F|  |TAMS 0x00000000ec300000| PB 0x00000000ec300000| Untracked |  0
| 196|0x00000000ec400000, 0x00000000ec400000, 0x00000000ec500000|  0%| F|  |TAMS 0x00000000ec400000| PB 0x00000000ec400000| Untracked |  0
| 197|0x00000000ec500000, 0x00000000ec500000, 0x00000000ec600000|  0%| F|  |TAMS 0x00000000ec500000| PB 0x00000000ec500000| Untracked |  0
| 198|0x00000000ec600000, 0x00000000ec600000, 0x00000000ec700000|  0%| F|  |TAMS 0x00000000ec600000| PB 0x00000000ec600000| Untracked |  0
| 199|0x00000000ec700000, 0x00000000ec700000, 0x00000000ec800000|  0%| F|  |TAMS 0x00000000ec700000| PB 0x00000000ec700000| Untracked |  0
| 200|0x00000000ec800000, 0x00000000ec800000, 0x00000000ec900000|  0%| F|  |TAMS 0x00000000ec800000| PB 0x00000000ec800000| Untracked |  0
| 201|0x00000000ec900000, 0x00000000ec900000, 0x00000000eca00000|  0%| F|  |TAMS 0x00000000ec900000| PB 0x00000000ec900000| Untracked |  0
| 202|0x00000000eca00000, 0x00000000eca00000, 0x00000000ecb00000|  0%| F|  |TAMS 0x00000000eca00000| PB 0x00000000eca00000| Untracked |  0
| 203|0x00000000ecb00000, 0x00000000ecb00000, 0x00000000ecc00000|  0%| F|  |TAMS 0x00000000ecb00000| PB 0x00000000ecb00000| Untracked |  0
| 204|0x00000000ecc00000, 0x00000000ecc00000, 0x00000000ecd00000|  0%| F|  |TAMS 0x00000000ecc00000| PB 0x00000000ecc00000| Untracked |  0
| 205|0x00000000ecd00000, 0x00000000ecd00000, 0x00000000ece00000|  0%| F|  |TAMS 0x00000000ecd00000| PB 0x00000000ecd00000| Untracked |  0
| 206|0x00000000ece00000, 0x00000000ece00000, 0x00000000ecf00000|  0%| F|  |TAMS 0x00000000ece00000| PB 0x00000000ece00000| Untracked |  0
| 207|0x00000000ecf00000, 0x00000000ecf00000, 0x00000000ed000000|  0%| F|  |TAMS 0x00000000ecf00000| PB 0x00000000ecf00000| Untracked |  0
| 208|0x00000000ed000000, 0x00000000ed000000, 0x00000000ed100000|  0%| F|  |TAMS 0x00000000ed000000| PB 0x00000000ed000000| Untracked |  0
| 209|0x00000000ed100000, 0x00000000ed100000, 0x00000000ed200000|  0%| F|  |TAMS 0x00000000ed100000| PB 0x00000000ed100000| Untracked |  0
| 210|0x00000000ed200000, 0x00000000ed200000, 0x00000000ed300000|  0%| F|  |TAMS 0x00000000ed200000| PB 0x00000000ed200000| Untracked |  0
| 211|0x00000000ed300000, 0x00000000ed300000, 0x00000000ed400000|  0%| F|  |TAMS 0x00000000ed300000| PB 0x00000000ed300000| Untracked |  0
| 212|0x00000000ed400000, 0x00000000ed400000, 0x00000000ed500000|  0%| F|  |TAMS 0x00000000ed400000| PB 0x00000000ed400000| Untracked |  0
| 213|0x00000000ed500000, 0x00000000ed500000, 0x00000000ed600000|  0%| F|  |TAMS 0x00000000ed500000| PB 0x00000000ed500000| Untracked |  0
| 214|0x00000000ed600000, 0x00000000ed600000, 0x00000000ed700000|  0%| F|  |TAMS 0x00000000ed600000| PB 0x00000000ed600000| Untracked |  0
| 215|0x00000000ed700000, 0x00000000ed700000, 0x00000000ed800000|  0%| F|  |TAMS 0x00000000ed700000| PB 0x00000000ed700000| Untracked |  0
| 216|0x00000000ed800000, 0x00000000ed800000, 0x00000000ed900000|  0%| F|  |TAMS 0x00000000ed800000| PB 0x00000000ed800000| Untracked |  0
| 217|0x00000000ed900000, 0x00000000ed900000, 0x00000000eda00000|  0%| F|  |TAMS 0x00000000ed900000| PB 0x00000000ed900000| Untracked |  0
| 218|0x00000000eda00000, 0x00000000eda00000, 0x00000000edb00000|  0%| F|  |TAMS 0x00000000eda00000| PB 0x00000000eda00000| Untracked |  0
| 219|0x00000000edb00000, 0x00000000edb00000, 0x00000000edc00000|  0%| F|  |TAMS 0x00000000edb00000| PB 0x00000000edb00000| Untracked |  0
| 220|0x00000000edc00000, 0x00000000edc00000, 0x00000000edd00000|  0%| F|  |TAMS 0x00000000edc00000| PB 0x00000000edc00000| Untracked |  0
| 221|0x00000000edd00000, 0x00000000edd00000, 0x00000000ede00000|  0%| F|  |TAMS 0x00000000edd00000| PB 0x00000000edd00000| Untracked |  0
| 222|0x00000000ede00000, 0x00000000ede00000, 0x00000000edf00000|  0%| F|  |TAMS 0x00000000ede00000| PB 0x00000000ede00000| Untracked |  0
| 223|0x00000000edf00000, 0x00000000edf00000, 0x00000000ee000000|  0%| F|  |TAMS 0x00000000edf00000| PB 0x00000000edf00000| Untracked |  0
| 224|0x00000000ee000000, 0x00000000ee000000, 0x00000000ee100000|  0%| F|  |TAMS 0x00000000ee000000| PB 0x00000000ee000000| Untracked |  0
| 225|0x00000000ee100000, 0x00000000ee197888, 0x00000000ee200000| 59%| E|  |TAMS 0x00000000ee100000| PB 0x00000000ee100000| Complete |  0
| 226|0x00000000ee200000, 0x00000000ee300000, 0x00000000ee300000|100%| E|CS|TAMS 0x00000000ee200000| PB 0x00000000ee200000| Complete |  0
| 227|0x00000000ee300000, 0x00000000ee400000, 0x00000000ee400000|100%| E|CS|TAMS 0x00000000ee300000| PB 0x00000000ee300000| Complete |  0
| 228|0x00000000ee400000, 0x00000000ee500000, 0x00000000ee500000|100%| E|CS|TAMS 0x00000000ee400000| PB 0x00000000ee400000| Complete |  0
| 229|0x00000000ee500000, 0x00000000ee600000, 0x00000000ee600000|100%| E|CS|TAMS 0x00000000ee500000| PB 0x00000000ee500000| Complete |  0
| 230|0x00000000ee600000, 0x00000000ee700000, 0x00000000ee700000|100%| E|CS|TAMS 0x00000000ee600000| PB 0x00000000ee600000| Complete |  0
| 231|0x00000000ee700000, 0x00000000ee800000, 0x00000000ee800000|100%| E|CS|TAMS 0x00000000ee700000| PB 0x00000000ee700000| Complete |  0
| 232|0x00000000ee800000, 0x00000000ee900000, 0x00000000ee900000|100%| E|CS|TAMS 0x00000000ee800000| PB 0x00000000ee800000| Complete |  0
| 233|0x00000000ee900000, 0x00000000eea00000, 0x00000000eea00000|100%| E|CS|TAMS 0x00000000ee900000| PB 0x00000000ee900000| Complete |  0
| 234|0x00000000eea00000, 0x00000000eeb00000, 0x00000000eeb00000|100%| E|CS|TAMS 0x00000000eea00000| PB 0x00000000eea00000| Complete |  0
| 235|0x00000000eeb00000, 0x00000000eec00000, 0x00000000eec00000|100%| E|CS|TAMS 0x00000000eeb00000| PB 0x00000000eeb00000| Complete |  0
| 236|0x00000000eec00000, 0x00000000eed00000, 0x00000000eed00000|100%| E|CS|TAMS 0x00000000eec00000| PB 0x00000000eec00000| Complete |  0
| 237|0x00000000eed00000, 0x00000000eee00000, 0x00000000eee00000|100%| E|CS|TAMS 0x00000000eed00000| PB 0x00000000eed00000| Complete |  0
| 238|0x00000000eee00000, 0x00000000eef00000, 0x00000000eef00000|100%| E|CS|TAMS 0x00000000eee00000| PB 0x00000000eee00000| Complete |  0
| 239|0x00000000eef00000, 0x00000000ef000000, 0x00000000ef000000|100%| E|CS|TAMS 0x00000000eef00000| PB 0x00000000eef00000| Complete |  0
| 240|0x00000000ef000000, 0x00000000ef100000, 0x00000000ef100000|100%| E|CS|TAMS 0x00000000ef000000| PB 0x00000000ef000000| Complete |  0
| 241|0x00000000ef100000, 0x00000000ef200000, 0x00000000ef200000|100%| E|CS|TAMS 0x00000000ef100000| PB 0x00000000ef100000| Complete |  0
| 242|0x00000000ef200000, 0x00000000ef300000, 0x00000000ef300000|100%| E|CS|TAMS 0x00000000ef200000| PB 0x00000000ef200000| Complete |  0
| 243|0x00000000ef300000, 0x00000000ef400000, 0x00000000ef400000|100%| E|CS|TAMS 0x00000000ef300000| PB 0x00000000ef300000| Complete |  0
| 244|0x00000000ef400000, 0x00000000ef500000, 0x00000000ef500000|100%| E|CS|TAMS 0x00000000ef400000| PB 0x00000000ef400000| Complete |  0
| 245|0x00000000ef500000, 0x00000000ef600000, 0x00000000ef600000|100%| E|CS|TAMS 0x00000000ef500000| PB 0x00000000ef500000| Complete |  0
| 246|0x00000000ef600000, 0x00000000ef700000, 0x00000000ef700000|100%| E|CS|TAMS 0x00000000ef600000| PB 0x00000000ef600000| Complete |  0
| 247|0x00000000ef700000, 0x00000000ef800000, 0x00000000ef800000|100%| E|CS|TAMS 0x00000000ef700000| PB 0x00000000ef700000| Complete |  0
| 248|0x00000000ef800000, 0x00000000ef900000, 0x00000000ef900000|100%| E|CS|TAMS 0x00000000ef800000| PB 0x00000000ef800000| Complete |  0
| 249|0x00000000ef900000, 0x00000000efa00000, 0x00000000efa00000|100%| E|CS|TAMS 0x00000000ef900000| PB 0x00000000ef900000| Complete |  0
| 250|0x00000000efa00000, 0x00000000efb00000, 0x00000000efb00000|100%| E|CS|TAMS 0x00000000efa00000| PB 0x00000000efa00000| Complete |  0
| 251|0x00000000efb00000, 0x00000000efc00000, 0x00000000efc00000|100%| E|CS|TAMS 0x00000000efb00000| PB 0x00000000efb00000| Complete |  0
| 252|0x00000000efc00000, 0x00000000efd00000, 0x00000000efd00000|100%| E|CS|TAMS 0x00000000efc00000| PB 0x00000000efc00000| Complete |  0
| 253|0x00000000efd00000, 0x00000000efe00000, 0x00000000efe00000|100%| E|CS|TAMS 0x00000000efd00000| PB 0x00000000efd00000| Complete |  0
| 254|0x00000000efe00000, 0x00000000eff00000, 0x00000000eff00000|100%| E|CS|TAMS 0x00000000efe00000| PB 0x00000000efe00000| Complete |  0
| 255|0x00000000eff00000, 0x00000000f0000000, 0x00000000f0000000|100%| E|CS|TAMS 0x00000000eff00000| PB 0x00000000eff00000| Complete |  0
| 510|0x00000000ffe00000, 0x00000000fff00000, 0x00000000fff00000|100%| O|  |TAMS 0x00000000ffe00000| PB 0x00000000ffe00000| Untracked |  0
| 511|0x00000000fff00000, 0x00000000fff248e8, 0x0000000100000000| 14%| O|  |TAMS 0x00000000fff00000| PB 0x00000000fff00000| Untracked |  0

Card table byte_map: [0x000002005d1b0000,0x000002005d2b0000] _byte_map_base: 0x000002005cab0000

Marking Bits: (CMBitMap*) 0x00000200455bd110
 Bits: [0x000002005d2b0000, 0x000002005dab0000)

Polling page: 0x0000020044d50000

Metaspace:
Metaspace        used 16764K, committed 17280K, reserved 393216K
 class space     used 2378K, committed 2624K, reserved 327680K

Usage:
  Non-class:     14.05 MB used.
      Class:      2.32 MB used.
       Both:     16.37 MB used.

Virtual space:
  Non-class space:       64.00 MB reserved,      14.31 MB ( 22%) committed,  1 nodes.
      Class space:      320.00 MB reserved,       2.56 MB ( <1%) committed,  1 nodes.
             Both:      384.00 MB reserved,      16.88 MB (  4%) committed. 

Chunk freelists:
   Non-Class:  1.33 MB
       Class:  13.49 MB
        Both:  14.82 MB

MaxMetaspaceSize: 384.00 MB
CompressedClassSpaceSize: 320.00 MB
Initial GC threshold: 21.00 MB
Current GC threshold: 21.00 MB
CDS: on
 - commit_granule_bytes: 65536.
 - commit_granule_words: 8192.
 - virtual_space_node_default_size: 8388608.
 - enlarge_chunks_in_place: 1.
UseCompressedClassPointers 1, UseCompactObjectHeaders 0
Narrow klass pointer bits 32, Max shift 3
Narrow klass base: 0x0000000065000000, Narrow klass shift: 0
Encoding Range: [0x0000000065000000 - 0x0000000165000000), (4294967296 bytes)
Klass Range:    [0x0000000065010000 - 0x000000007a000000), (352256000 bytes)
Klass ID Range:  [65536 - 352321529) (352255993)
Protection zone: [0x0000000065000000 - 0x0000000065010000), (65536 bytes)


Internal statistics:

num_allocs_failed_limit: 0.
num_arena_births: 622.
num_arena_deaths: 0.
num_vsnodes_births: 2.
num_vsnodes_deaths: 0.
num_space_committed: 270.
num_space_uncommitted: 0.
num_chunks_returned_to_freelist: 0.
num_chunks_taken_from_freelist: 1218.
num_chunk_merges: 0.
num_chunk_splits: 798.
num_chunks_enlarged: 541.
num_inconsistent_stats: 0.

CodeHeap 'non-profiled nmethods': size=120064Kb used=1079Kb max_used=1079Kb free=118984Kb
 bounds [0x0000020055b70000, 0x0000020055de0000, 0x000002005d0b0000]
CodeHeap 'profiled nmethods': size=120064Kb used=4883Kb max_used=4883Kb free=115180Kb
 bounds [0x000002004e090000, 0x000002004e560000, 0x00000200555d0000]
CodeHeap 'non-nmethods': size=5760Kb used=1478Kb max_used=1492Kb free=4281Kb
 bounds [0x00000200555d0000, 0x0000020055840000, 0x0000020055b70000]
CodeCache: size=245888Kb, used=7440Kb, max_used=7454Kb, free=238445Kb
 total_blobs=3692, nmethods=3088, adapters=506, full_count=0
Compilation: enabled, stopped_count=0, restarted_count=0

Compilation events (20 events):
Event: 4.511 Thread 0x000002006003a420 3062       3       jdk.internal.classfile.impl.StackMapGenerator::processLdc (300 bytes)
Event: 4.513 Thread 0x000002006003a420 nmethod 3062 0x000002004e548888 code [0x000002004e548980, 0x000002004e54b318]
Event: 4.523 Thread 0x00000200662e6610 nmethod 3061 0x0000020055c7a608 code [0x0000020055c7a700, 0x0000020055c7b2e0]
Event: 4.523 Thread 0x00000200662e6610 2989       4       java.lang.invoke.LambdaForm$BasicType::basicType (8 bytes)
Event: 4.525 Thread 0x00000200662e6610 nmethod 2989 0x0000020055c7b308 code [0x0000020055c7b400, 0x0000020055c7b568]
Event: 4.525 Thread 0x00000200662e6610 3047       4       java.lang.invoke.VarHandleGuards::guard_LI_I (78 bytes)
Event: 4.528 Thread 0x000002006003a420 3063       3       java.util.concurrent.locks.ReentrantLock$NonfairSync::initialTryLock (58 bytes)
Event: 4.528 Thread 0x000002006003a420 nmethod 3063 0x000002004e54b388 code [0x000002004e54b480, 0x000002004e54bac8]
Event: 4.532 Thread 0x00000200662e6610 nmethod 3047 0x0000020055c7b608 code [0x0000020055c7b700, 0x0000020055c7bcd0]
Event: 4.532 Thread 0x00000200662e6610 2984       4       jdk.internal.perf.PerfCounter::addElapsedTimeFrom (10 bytes)
Event: 4.535 Thread 0x00000200662e6610 nmethod 2984 0x0000020055c7c008 code [0x0000020055c7c100, 0x0000020055c7c390]
Event: 4.539 Thread 0x000002006003a420 3065       3       java.util.concurrent.locks.AbstractQueuedSynchronizer$ConditionObject::canReacquire (38 bytes)
Event: 4.539 Thread 0x000002006003a420 nmethod 3065 0x000002004e54bb08 code [0x000002004e54bc00, 0x000002004e54bfa8]
Event: 4.540 Thread 0x000002006003a420 3066       3       java.lang.invoke.LambdaFormBuffer::replaceParameterByCopy (38 bytes)
Event: 4.540 Thread 0x000002006003a420 nmethod 3066 0x000002004e54c008 code [0x000002004e54c100, 0x000002004e54c2e0]
Event: 4.544 Thread 0x000002006003a420 3067       3       java.lang.Package$VersionInfo::<init> (44 bytes)
Event: 4.544 Thread 0x000002006003a420 nmethod 3067 0x000002004e54c308 code [0x000002004e54c400, 0x000002004e54c7f8]
Event: 4.549 Thread 0x00000200662e6610 3068       4       jdk.internal.classfile.impl.StackMapGenerator::processBlock (2767 bytes)
Event: 4.551 Thread 0x000002006003a420 3069       3       java.util.concurrent.locks.AbstractQueuedSynchronizer::signalNext (34 bytes)
Event: 4.551 Thread 0x000002006003a420 nmethod 3069 0x000002004e54c808 code [0x000002004e54c900, 0x000002004e54d220]

GC Heap Usage History (4 events):
Event: 0.519 {heap Before GC invocations=0 (full 0):
 garbage-first heap   total reserved 524288K, committed 264192K, used 28818K [0x00000000e0000000, 0x0000000100000000)
  region size 1024K, 28 young (28672K), 0 survivors (0K)
}
Event: 0.523 {heap After GC invocations=1 (full 0):
 garbage-first heap   total reserved 524288K, committed 264192K, used 5803K [0x00000000e0000000, 0x0000000100000000)
  region size 1024K, 4 young (4096K), 4 survivors (4096K)
}
Event: 3.258 {heap Before GC invocations=1 (full 0):
 garbage-first heap   total reserved 524288K, committed 264192K, used 121515K [0x00000000e0000000, 0x0000000100000000)
  region size 1024K, 112 young (114688K), 4 survivors (4096K)
}
Event: 3.272 {heap After GC invocations=2 (full 0):
 garbage-first heap   total reserved 524288K, committed 264192K, used 21239K [0x00000000e0000000, 0x0000000100000000)
  region size 1024K, 14 young (14336K), 14 survivors (14336K)
}

Metaspace Usage History (4 events):
Event: 0.519 {metaspace Before GC invocations=0 (full 0):
 Metaspace       used 1045K, committed 1216K, reserved 393216K
  class space    used 64K, committed 128K, reserved 327680K
}
Event: 0.523 {metaspace After GC invocations=1 (full 0):
 Metaspace       used 1045K, committed 1216K, reserved 393216K
  class space    used 64K, committed 128K, reserved 327680K
}
Event: 3.258 {metaspace Before GC invocations=1 (full 0):
 Metaspace       used 11840K, committed 12160K, reserved 393216K
  class space    used 1628K, committed 1792K, reserved 327680K
}
Event: 3.272 {metaspace After GC invocations=2 (full 0):
 Metaspace       used 11840K, committed 12160K, reserved 393216K
  class space    used 1628K, committed 1792K, reserved 327680K
}

Dll operation events (14 events):
Event: 0.015 Loaded shared library C:\Program Files\Eclipse Adoptium\jdk-25.0.3.9-hotspot\bin\java.dll
Event: 0.088 Loaded shared library C:\Program Files\Eclipse Adoptium\jdk-25.0.3.9-hotspot\bin\zip.dll
Event: 0.091 Loaded shared library C:\Program Files\Eclipse Adoptium\jdk-25.0.3.9-hotspot\bin\instrument.dll
Event: 0.095 Loaded shared library C:\Program Files\Eclipse Adoptium\jdk-25.0.3.9-hotspot\bin\net.dll
Event: 0.098 Loaded shared library C:\Program Files\Eclipse Adoptium\jdk-25.0.3.9-hotspot\bin\nio.dll
Event: 0.100 Loaded shared library C:\Program Files\Eclipse Adoptium\jdk-25.0.3.9-hotspot\bin\zip.dll
Event: 0.421 Loaded shared library C:\Program Files\Eclipse Adoptium\jdk-25.0.3.9-hotspot\bin\jimage.dll
Event: 0.656 Loaded shared library C:\Program Files\Eclipse Adoptium\jdk-25.0.3.9-hotspot\bin\verify.dll
Event: 0.694 Loaded shared library C:\Users\ThinkPad\.gradle\native\660c5614fbf4a5f2a75b1949f50a0caf5cd603558e7d8a26e50b933a0cfb79d1\windows-amd64\native-platform.dll
Event: 0.708 Loaded shared library C:\Users\ThinkPad\.gradle\native\0.2.8\x86_64-windows-gnu\gradle-fileevents.dll
Event: 2.231 Loaded shared library C:\Program Files\Eclipse Adoptium\jdk-25.0.3.9-hotspot\bin\management.dll
Event: 2.233 Loaded shared library C:\Program Files\Eclipse Adoptium\jdk-25.0.3.9-hotspot\bin\management_ext.dll
Event: 2.388 Loaded shared library C:\Program Files\Eclipse Adoptium\jdk-25.0.3.9-hotspot\bin\extnet.dll
Event: 2.685 Loaded shared library C:\Program Files\Eclipse Adoptium\jdk-25.0.3.9-hotspot\bin\sunmscapi.dll

Deoptimization events (20 events):
Event: 4.073 Thread 0x0000020066604020 Uncommon trap: trap_request=0xffffffde fr.pc=0x0000020055c11114 relative=0x0000000000000314
Event: 4.073 Thread 0x0000020066604020 Uncommon trap: reason=class_check action=maybe_recompile pc=0x0000020055c11114 method=java.util.regex.Pattern$BmpCharPropertyGreedy.match(Ljava/util/regex/Matcher;ILjava/lang/CharSequence;)Z @ 26 c2
Event: 4.073 Thread 0x0000020066604020 DEOPT PACKING pc=0x0000020055c11114 sp=0x000000f944dfc200
Event: 4.073 Thread 0x0000020066604020 DEOPT UNPACKING pc=0x00000200556f0502 sp=0x000000f944dfc1b8 mode 2
Event: 4.073 Thread 0x0000020066604020 Uncommon trap: trap_request=0xffffffde fr.pc=0x0000020055c11114 relative=0x0000000000000314
Event: 4.073 Thread 0x0000020066604020 Uncommon trap: reason=class_check action=maybe_recompile pc=0x0000020055c11114 method=java.util.regex.Pattern$BmpCharPropertyGreedy.match(Ljava/util/regex/Matcher;ILjava/lang/CharSequence;)Z @ 26 c2
Event: 4.073 Thread 0x0000020066604020 DEOPT PACKING pc=0x0000020055c11114 sp=0x000000f944dfc170
Event: 4.073 Thread 0x0000020066604020 DEOPT UNPACKING pc=0x00000200556f0502 sp=0x000000f944dfc128 mode 2
Event: 4.106 Thread 0x0000020066604020 Uncommon trap: trap_request=0xffffff45 fr.pc=0x0000020055bfa5a4 relative=0x0000000000000424
Event: 4.106 Thread 0x0000020066604020 Uncommon trap: reason=unstable_if action=reinterpret pc=0x0000020055bfa5a4 method=java.util.regex.Matcher.match(II)Z @ 76 c2
Event: 4.106 Thread 0x0000020066604020 DEOPT PACKING pc=0x0000020055bfa5a4 sp=0x000000f944dfb400
Event: 4.106 Thread 0x0000020066604020 DEOPT UNPACKING pc=0x00000200556f0502 sp=0x000000f944dfb3b8 mode 2
Event: 4.303 Thread 0x0000020066604020 Uncommon trap: trap_request=0xffffff45 fr.pc=0x0000020055b947f8 relative=0x0000000000000b78
Event: 4.303 Thread 0x0000020066604020 Uncommon trap: reason=unstable_if action=reinterpret pc=0x0000020055b947f8 method=java.io.WinNTFileSystem.resolve(Ljava/lang/String;Ljava/lang/String;)Ljava/lang/String; @ 42 c2
Event: 4.303 Thread 0x0000020066604020 DEOPT PACKING pc=0x0000020055b947f8 sp=0x000000f944dfb880
Event: 4.303 Thread 0x0000020066604020 DEOPT UNPACKING pc=0x00000200556f0502 sp=0x000000f944dfb7f8 mode 2
Event: 4.304 Thread 0x0000020066604020 Uncommon trap: trap_request=0xffffff45 fr.pc=0x0000020055b9de04 relative=0x0000000000000584
Event: 4.304 Thread 0x0000020066604020 Uncommon trap: reason=unstable_if action=reinterpret pc=0x0000020055b9de04 method=java.io.File.getName()Ljava/lang/String; @ 16 c2
Event: 4.304 Thread 0x0000020066604020 DEOPT PACKING pc=0x0000020055b9de04 sp=0x000000f944dfb850
Event: 4.304 Thread 0x0000020066604020 DEOPT UNPACKING pc=0x00000200556f0502 sp=0x000000f944dfb820 mode 2

Classes loaded (20 events):
Event: 4.177 Loading class sun/security/provider/MD5
Event: 4.178 Loading class sun/security/provider/MD5 done
Event: 4.178 Loading class sun/security/provider/SHA5$SHA512
Event: 4.178 Loading class sun/security/provider/SHA5
Event: 4.178 Loading class sun/security/provider/SHA5 done
Event: 4.178 Loading class sun/security/provider/SHA5$SHA512 done
Event: 4.206 Loading class sun/security/provider/ByteArrayAccess$LE
Event: 4.206 Loading class sun/security/provider/ByteArrayAccess$LE done
Event: 4.304 Loading class java/io/File$TempDirectory
Event: 4.304 Loading class java/io/File$TempDirectory done
Event: 4.407 Loading class java/util/concurrent/Semaphore
Event: 4.408 Loading class java/util/concurrent/Semaphore done
Event: 4.415 Loading class java/nio/file/FileVisitOption
Event: 4.415 Loading class java/nio/file/FileVisitOption done
Event: 4.441 Loading class java/util/stream/ReduceOps$1
Event: 4.441 Loading class java/util/stream/ReduceOps$1 done
Event: 4.441 Loading class java/util/stream/ReduceOps$1ReducingSink
Event: 4.441 Loading class java/util/stream/ReduceOps$1ReducingSink done
Event: 4.655 Loading class java/util/function/UnaryOperator
Event: 4.655 Loading class java/util/function/UnaryOperator done

Classes unloaded (0 events):
No events

Classes redefined (0 events):
No events

Internal exceptions (20 events):
Event: 2.637 Thread 0x000002004558bca0 Implicit null exception at 0x0000020055bbdab8 to 0x0000020055bbe1a8
Event: 2.647 Thread 0x000002004558bca0 Exception <a 'java/lang/NoSuchMethodError'{0x00000000e9de2528}: 'java.lang.Object java.lang.invoke.DirectMethodHandle$Holder.newInvokeSpecial(java.lang.Object, java.lang.Object, java.lang.Object, java.lang.Object, java.lang.Object)'> (0x00000000e9de2528) 
thrown [s\src\hotspot\share\interpreter\linkResolver.cpp, line 804]
Event: 3.184 Thread 0x0000020066604020 Exception <a 'java/lang/NoSuchMethodError'{0x00000000e928d440}: 'long java.lang.invoke.DirectMethodHandle$Holder.invokeInterface(java.lang.Object, java.lang.Object)'> (0x00000000e928d440) 
thrown [s\src\hotspot\share\interpreter\linkResolver.cpp, line 804]
Event: 3.303 Thread 0x0000020066604020 Exception <a 'java/lang/NoSuchMethodError'{0x00000000efefc5e0}: 'void java.lang.invoke.DirectMethodHandle$Holder.invokeStatic(java.lang.Object, java.lang.Object)'> (0x00000000efefc5e0) 
thrown [s\src\hotspot\share\interpreter\linkResolver.cpp, line 804]
Event: 3.344 Thread 0x0000020066604020 Exception <a 'java/lang/NoSuchMethodError'{0x00000000efd4e710}: 'java.lang.Object java.lang.invoke.DirectMethodHandle$Holder.invokeVirtual(java.lang.Object, java.lang.Object, java.lang.Object, java.lang.Object, java.lang.Object, java.lang.Object, java.lang.Object, java.lang.Object, java.lang.Object, java.lang.Object, java.lang.Object, java.lang.Object)'> (0x00000000efd4e710) 
thrown [s\src\hotspot\share\interpreter\linkResolver.cpp, line 804]
Event: 3.570 Thread 0x0000020066604020 Exception <a 'java/lang/NoSuchMethodError'{0x00000000efbbde38}: 'int java.lang.invoke.DirectMethodHandle$Holder.invokeVirtual(java.lang.Object, java.lang.Object, java.lang.Object)'> (0x00000000efbbde38) 
thrown [s\src\hotspot\share\interpreter\linkResolver.cpp, line 804]
Event: 3.679 Thread 0x0000020066604020 Exception <a 'java/lang/NoSuchMethodError'{0x00000000ef843cc0}: 'java.lang.Object java.lang.invoke.DirectMethodHandle$Holder.newInvokeSpecial(java.lang.Object, java.lang.Object, java.lang.Object, java.lang.Object, java.lang.Object, java.lang.Object)'> (0x00000000ef843cc0) 
thrown [s\src\hotspot\share\interpreter\linkResolver.cpp, line 804]
Event: 3.790 Thread 0x0000020066604020 Exception <a 'java/lang/NoSuchMethodError'{0x00000000ef56a3b0}: 'void java.lang.invoke.DelegatingMethodHandle$Holder.reinvoke_L(java.lang.Object, java.lang.Object, java.lang.Object, java.lang.Object, java.lang.Object, java.lang.Object, java.lang.Object, java.lang.Object, java.lang.Object, java.lang.Object)'> (0x00000000ef56a3b0) 
thrown [s\src\hotspot\share\interpreter\linkResolver.cpp, line 804]
Event: 3.791 Thread 0x0000020066604020 Exception <a 'java/lang/NoSuchMethodError'{0x00000000ef57b2f8}: 'java.lang.Object java.lang.invoke.Invokers$Holder.invoker(java.lang.Object, java.lang.Object, java.lang.Object, java.lang.Object, java.lang.Object, java.lang.Object, java.lang.Object, java.lang.Object, java.lang.Object, java.lang.Object)'> (0x00000000ef57b2f8) 
thrown [s\src\hotspot\share\interpreter\linkResolver.cpp, line 804]
Event: 4.007 Thread 0x0000020066604020 Exception <a 'java/lang/NoSuchMethodError'{0x00000000eef58e30}: 'void java.lang.invoke.DirectMethodHandle$Holder.invokeInterface(java.lang.Object, java.lang.Object)'> (0x00000000eef58e30) 
thrown [s\src\hotspot\share\interpreter\linkResolver.cpp, line 804]
Event: 4.007 Thread 0x0000020066604020 Exception <a 'java/lang/IncompatibleClassChangeError'{0x00000000eef61048}: Found class java.lang.Object, but interface was expected> (0x00000000eef61048) 
thrown [s\src\hotspot\share\interpreter\linkResolver.cpp, line 871]
Event: 4.082 Thread 0x0000020066604020 Exception <a 'java/lang/NoSuchMethodError'{0x00000000eee955e0}: 'java.lang.Object java.lang.invoke.DirectMethodHandle$Holder.newInvokeSpecial(java.lang.Object, java.lang.Object, int)'> (0x00000000eee955e0) 
thrown [s\src\hotspot\share\interpreter\linkResolver.cpp, line 804]
Event: 4.236 Thread 0x0000020066604020 Exception <a 'java/lang/NoSuchMethodError'{0x00000000eea86630}: 'java.lang.Object java.lang.invoke.DirectMethodHandle$Holder.invokeVirtual(java.lang.Object, java.lang.Object, java.lang.Object, java.lang.Object, java.lang.Object, java.lang.Object, java.lang.Object, java.lang.Object)'> (0x00000000eea86630) 
thrown [s\src\hotspot\share\interpreter\linkResolver.cpp, line 804]
Event: 4.284 Thread 0x0000020066604020 Exception <a 'java/lang/NoSuchMethodError'{0x00000000ee94aca8}: 'java.lang.Object java.lang.invoke.Invokers$Holder.invoker(java.lang.Object, java.lang.Object)'> (0x00000000ee94aca8) 
thrown [s\src\hotspot\share\interpreter\linkResolver.cpp, line 804]
Event: 4.293 Thread 0x0000020066604020 Exception <a 'java/lang/NoSuchMethodError'{0x00000000ee9e55f8}: 'java.lang.Object java.lang.invoke.DirectMethodHandle$Holder.invokeVirtual(java.lang.Object, java.lang.Object, java.lang.Object, java.lang.Object, java.lang.Object, java.lang.Object, java.lang.Object, java.lang.Object, java.lang.Object, java.lang.Object)'> (0x00000000ee9e55f8) 
thrown [s\src\hotspot\share\interpreter\linkResolver.cpp, line 804]
Event: 4.319 Thread 0x0000020066604020 Exception <a 'java/lang/NoSuchMethodError'{0x00000000ee8a3ed8}: 'void java.lang.invoke.DirectMethodHandle$Holder.invokeStatic(java.lang.Object, java.lang.Object, java.lang.Object, java.lang.Object)'> (0x00000000ee8a3ed8) 
thrown [s\src\hotspot\share\interpreter\linkResolver.cpp, line 804]
Event: 4.319 Thread 0x0000020066604020 Exception <a 'java/lang/NoSuchMethodError'{0x00000000ee8ac8e0}: 'void java.lang.invoke.DirectMethodHandle$Holder.invokeStaticInit(java.lang.Object, java.lang.Object, java.lang.Object, java.lang.Object)'> (0x00000000ee8ac8e0) 
thrown [s\src\hotspot\share\interpreter\linkResolver.cpp, line 804]
Event: 4.343 Thread 0x0000020066604020 Exception <a 'java/lang/NoSuchMethodError'{0x00000000ee70aa08}: 'java.lang.Object java.lang.invoke.DirectMethodHandle$Holder.invokeInterface(java.lang.Object, java.lang.Object, java.lang.Object)'> (0x00000000ee70aa08) 
thrown [s\src\hotspot\share\interpreter\linkResolver.cpp, line 804]
Event: 4.433 Thread 0x0000020066604020 Exception <a 'java/lang/NoSuchMethodError'{0x00000000ee6346b8}: 'int java.lang.invoke.DirectMethodHandle$Holder.invokeSpecialIFC(java.lang.Object, java.lang.Object, java.lang.Object, java.lang.Object)'> (0x00000000ee6346b8) 
thrown [s\src\hotspot\share\interpreter\linkResolver.cpp, line 804]
Event: 4.440 Thread 0x0000020066604020 Exception <a 'java/lang/IncompatibleClassChangeError'{0x00000000ee65b2b8}: Found class java.lang.Object, but interface was expected> (0x00000000ee65b2b8) 
thrown [s\src\hotspot\share\interpreter\linkResolver.cpp, line 871]

VM Operations (20 events):
Event: 2.132 Executing non-safepoint VM operation: HandshakeAllThreads (Deoptimize)
Event: 2.132 Executing non-safepoint VM operation: HandshakeAllThreads (Deoptimize) done
Event: 2.184 Executing non-safepoint VM operation: HandshakeAllThreads (Deoptimize)
Event: 2.184 Executing non-safepoint VM operation: HandshakeAllThreads (Deoptimize) done
Event: 2.262 Executing non-safepoint VM operation: HandshakeAllThreads (Deoptimize)
Event: 2.262 Executing non-safepoint VM operation: HandshakeAllThreads (Deoptimize) done
Event: 2.336 Executing non-safepoint VM operation: HandshakeAllThreads (Deoptimize)
Event: 2.336 Executing non-safepoint VM operation: HandshakeAllThreads (Deoptimize) done
Event: 2.414 Executing non-safepoint VM operation: HandshakeAllThreads (Deoptimize)
Event: 2.414 Executing non-safepoint VM operation: HandshakeAllThreads (Deoptimize) done
Event: 2.478 Executing non-safepoint VM operation: HandshakeAllThreads (Deoptimize)
Event: 2.478 Executing non-safepoint VM operation: HandshakeAllThreads (Deoptimize) done
Event: 2.509 Executing non-safepoint VM operation: HandshakeAllThreads (Deoptimize)
Event: 2.509 Executing non-safepoint VM operation: HandshakeAllThreads (Deoptimize) done
Event: 2.659 Executing non-safepoint VM operation: HandshakeAllThreads (Deoptimize)
Event: 2.659 Executing non-safepoint VM operation: HandshakeAllThreads (Deoptimize) done
Event: 3.258 Executing safepoint VM operation: G1CollectForAllocation (G1 Evacuation Pause)
Event: 3.272 Executing safepoint VM operation: G1CollectForAllocation (G1 Evacuation Pause) done
Event: 3.736 Executing non-safepoint VM operation: HandshakeAllThreads (Deoptimize)
Event: 3.736 Executing non-safepoint VM operation: HandshakeAllThreads (Deoptimize) done

Memory protections (0 events):
No events

Nmethod flushes (0 events):
No events

Events (20 events):
Event: 0.094 Thread 0x000002004558bca0 Thread added: 0x00000200601e7be0
Event: 0.120 Thread 0x000002004558bca0 Thread added: 0x000002006029bc30
Event: 0.210 Thread 0x000002006003a420 Thread added: 0x00000200602eb750
Event: 1.728 Thread 0x00000200602eb750 Thread exited: 0x00000200602eb750
Event: 2.266 Thread 0x000002004558bca0 Thread added: 0x0000020066130a30
Event: 2.502 Thread 0x000002006003a420 Thread added: 0x00000200661f3170
Event: 2.534 Thread 0x000002004558bca0 Thread added: 0x00000200662d41a0
Event: 2.655 Thread 0x000002004558bca0 Thread added: 0x00000200663552e0
Event: 2.725 Thread 0x00000200662d41a0 Thread added: 0x000002006660c040
Event: 2.741 Thread 0x000002006660c040 Thread added: 0x000002006002c9a0
Event: 2.941 Thread 0x00000200661f3170 Thread exited: 0x00000200661f3170
Event: 2.974 Thread 0x000002006660c040 Thread added: 0x00000200665fd2c0
Event: 3.009 Thread 0x000002006660c040 Thread added: 0x0000020066604020
Event: 3.048 Thread 0x0000020066604020 Thread added: 0x0000020066603850
Event: 3.091 Thread 0x0000020066604020 Thread added: 0x00000200665fe260
Event: 3.099 Thread 0x0000020066604020 Thread added: 0x00000200666028b0
Event: 4.080 Thread 0x0000020066604020 Thread added: 0x00000200665fea30
Event: 4.090 Thread 0x0000020066604020 Thread added: 0x00000200665ff9d0
Event: 4.249 Thread 0x0000020066604020 Thread added: 0x0000020066601910
Event: 4.510 Thread 0x000002006003a420 Thread added: 0x00000200662e6610


Dynamic libraries:
0x00007ff6e3be0000 - 0x00007ff6e3bee000 	C:\Program Files\Eclipse Adoptium\jdk-25.0.3.9-hotspot\bin\java.exe
0x00007ff955a70000 - 0x00007ff955c68000 	C:\Windows\SYSTEM32\ntdll.dll
0x00007ff955820000 - 0x00007ff9558e2000 	C:\Windows\System32\KERNEL32.DLL
0x00007ff9531b0000 - 0x00007ff9534a6000 	C:\Windows\System32\KERNELBASE.dll
0x00007ff953680000 - 0x00007ff953780000 	C:\Windows\System32\ucrtbase.dll
0x00007ff94cd60000 - 0x00007ff94cd7e000 	C:\Program Files\Eclipse Adoptium\jdk-25.0.3.9-hotspot\bin\VCRUNTIME140.dll
0x00007ff94cd40000 - 0x00007ff94cd56000 	C:\Program Files\Eclipse Adoptium\jdk-25.0.3.9-hotspot\bin\jli.dll
0x00007ff953bc0000 - 0x00007ff953d61000 	C:\Windows\System32\USER32.dll
0x00007ff952590000 - 0x00007ff95282b000 	C:\Windows\WinSxS\amd64_microsoft.windows.common-controls_6595b64144ccf1df_6.0.19041.6456_none_60b8a6cb71f64256\COMCTL32.dll
0x00007ff953ee0000 - 0x00007ff953f7e000 	C:\Windows\System32\msvcrt.dll
0x00007ff953130000 - 0x00007ff953152000 	C:\Windows\System32\win32u.dll
0x00007ff954d40000 - 0x00007ff954d6b000 	C:\Windows\System32\GDI32.dll
0x00007ff9534b0000 - 0x00007ff9535c9000 	C:\Windows\System32\gdi32full.dll
0x00007ff9539f0000 - 0x00007ff953a8d000 	C:\Windows\System32\msvcp_win.dll
0x00007ff955a00000 - 0x00007ff955a2f000 	C:\Windows\System32\IMM32.DLL
0x00007ff94cd20000 - 0x00007ff94cd2c000 	C:\Program Files\Eclipse Adoptium\jdk-25.0.3.9-hotspot\bin\vcruntime140_1.dll
0x00007ff90c8c0000 - 0x00007ff90c94d000 	C:\Program Files\Eclipse Adoptium\jdk-25.0.3.9-hotspot\bin\msvcp140.dll
0x00007ff8f4120000 - 0x00007ff8f504a000 	C:\Program Files\Eclipse Adoptium\jdk-25.0.3.9-hotspot\bin\server\jvm.dll
0x00007ff954d70000 - 0x00007ff954e21000 	C:\Windows\System32\ADVAPI32.dll
0x00007ff955660000 - 0x00007ff9556ff000 	C:\Windows\System32\sechost.dll
0x00007ff955700000 - 0x00007ff955820000 	C:\Windows\System32\RPCRT4.dll
0x00007ff953100000 - 0x00007ff953127000 	C:\Windows\System32\bcrypt.dll
0x00007ff954cd0000 - 0x00007ff954d3b000 	C:\Windows\System32\WS2_32.dll
0x00007ff952ae0000 - 0x00007ff952b2b000 	C:\Windows\SYSTEM32\POWRPROF.dll
0x00007ff941d00000 - 0x00007ff941d27000 	C:\Windows\SYSTEM32\WINMM.dll
0x00007ff94c060000 - 0x00007ff94c06a000 	C:\Windows\SYSTEM32\VERSION.dll
0x00007ff952850000 - 0x00007ff952862000 	C:\Windows\SYSTEM32\UMPDC.dll
0x00007ff950100000 - 0x00007ff950112000 	C:\Windows\SYSTEM32\kernel.appcore.dll
0x00007ff945f40000 - 0x00007ff945f4a000 	C:\Program Files\Eclipse Adoptium\jdk-25.0.3.9-hotspot\bin\jimage.dll
0x00007ff952b30000 - 0x00007ff952d31000 	C:\Windows\SYSTEM32\DBGHELP.DLL
0x00007ff952a20000 - 0x00007ff952a54000 	C:\Windows\SYSTEM32\dbgcore.DLL
0x00007ff953800000 - 0x00007ff953882000 	C:\Windows\System32\bcryptPrimitives.dll
0x00007ff936720000 - 0x00007ff93672f000 	C:\Program Files\Eclipse Adoptium\jdk-25.0.3.9-hotspot\bin\instrument.dll
0x00007ff930df0000 - 0x00007ff930e0e000 	C:\Program Files\Eclipse Adoptium\jdk-25.0.3.9-hotspot\bin\java.dll
0x00007ff953a90000 - 0x00007ff953bbb000 	C:\Windows\System32\ole32.dll
0x00007ff9546b0000 - 0x00007ff954a04000 	C:\Windows\System32\combase.dll
0x00007ff954e40000 - 0x00007ff9555b0000 	C:\Windows\System32\SHELL32.dll
0x00007ff950300000 - 0x00007ff950aa5000 	C:\Windows\SYSTEM32\windows.storage.dll
0x00007ff9523b0000 - 0x00007ff9523db000 	C:\Windows\SYSTEM32\Wldp.dll
0x00007ff9558f0000 - 0x00007ff9559bd000 	C:\Windows\System32\OLEAUT32.dll
0x00007ff954c20000 - 0x00007ff954ccd000 	C:\Windows\System32\SHCORE.dll
0x00007ff954650000 - 0x00007ff9546ab000 	C:\Windows\System32\shlwapi.dll
0x00007ff953030000 - 0x00007ff953054000 	C:\Windows\SYSTEM32\profapi.dll
0x00007ff925e20000 - 0x00007ff925e36000 	C:\Program Files\Eclipse Adoptium\jdk-25.0.3.9-hotspot\bin\zip.dll
0x00007ff92ae70000 - 0x00007ff92ae81000 	C:\Program Files\Eclipse Adoptium\jdk-25.0.3.9-hotspot\bin\net.dll
0x00007ff952100000 - 0x00007ff95216a000 	C:\Windows\system32\mswsock.dll
0x00007ff928b00000 - 0x00007ff928b16000 	C:\Program Files\Eclipse Adoptium\jdk-25.0.3.9-hotspot\bin\nio.dll
0x00007ff93a3d0000 - 0x00007ff93a3e0000 	C:\Program Files\Eclipse Adoptium\jdk-25.0.3.9-hotspot\bin\verify.dll
0x00007ff91ede0000 - 0x00007ff91ee07000 	C:\Users\ThinkPad\.gradle\native\660c5614fbf4a5f2a75b1949f50a0caf5cd603558e7d8a26e50b933a0cfb79d1\windows-amd64\native-platform.dll
0x00007ff90c180000 - 0x00007ff90c1f7000 	C:\Users\ThinkPad\.gradle\native\0.2.8\x86_64-windows-gnu\gradle-fileevents.dll
0x00007ff944fa0000 - 0x00007ff944faa000 	C:\Program Files\Eclipse Adoptium\jdk-25.0.3.9-hotspot\bin\management.dll
0x00007ff940b10000 - 0x00007ff940b1c000 	C:\Program Files\Eclipse Adoptium\jdk-25.0.3.9-hotspot\bin\management_ext.dll
0x00007ff9559e0000 - 0x00007ff9559e8000 	C:\Windows\System32\PSAPI.DLL
0x00007ff951e00000 - 0x00007ff951e3b000 	C:\Windows\SYSTEM32\IPHLPAPI.DLL
0x00007ff9559f0000 - 0x00007ff9559f8000 	C:\Windows\System32\NSI.dll
0x00007ff940bc0000 - 0x00007ff940bc9000 	C:\Program Files\Eclipse Adoptium\jdk-25.0.3.9-hotspot\bin\extnet.dll
0x00007ff952e70000 - 0x00007ff952e88000 	C:\Windows\SYSTEM32\CRYPTSP.dll
0x00007ff951aa0000 - 0x00007ff951ad8000 	C:\Windows\system32\rsaenh.dll
0x00007ff952fb0000 - 0x00007ff952fde000 	C:\Windows\SYSTEM32\USERENV.dll
0x00007ff952290000 - 0x00007ff95229c000 	C:\Windows\SYSTEM32\CRYPTBASE.dll
0x00007ff934a80000 - 0x00007ff934a8e000 	C:\Program Files\Eclipse Adoptium\jdk-25.0.3.9-hotspot\bin\sunmscapi.dll
0x00007ff953890000 - 0x00007ff9539ed000 	C:\Windows\System32\CRYPT32.dll
0x00007ff952330000 - 0x00007ff952357000 	C:\Windows\SYSTEM32\ncrypt.dll
0x00007ff9522f0000 - 0x00007ff95232b000 	C:\Windows\SYSTEM32\NTASN1.dll
0x00007ff947c10000 - 0x00007ff947c17000 	C:\Windows\system32\wshunix.dll

JVMTI agents:
C:\Users\ThinkPad\.gradle\wrapper\dists\gradle-9.2.0-bin\11i5gvueggl8a5cioxuftxrik\gradle-9.2.0\lib\agents\gradle-instrumentation-agent-9.2.0.jar path:C:\Program Files\Eclipse Adoptium\jdk-25.0.3.9-hotspot\bin\instrument.dll, loaded, initialized, instrumentlib options:none

dbghelp: loaded successfully - version: 4.0.5 - missing functions: none
symbol engine: initialized successfully - sym options: 0x614 - pdb path: .;C:\Program Files\Eclipse Adoptium\jdk-25.0.3.9-hotspot\bin;C:\Windows\SYSTEM32;C:\Windows\WinSxS\amd64_microsoft.windows.common-controls_6595b64144ccf1df_6.0.19041.6456_none_60b8a6cb71f64256;C:\Program Files\Eclipse Adoptium\jdk-25.0.3.9-hotspot\bin\server;C:\Users\ThinkPad\.gradle\native\660c5614fbf4a5f2a75b1949f50a0caf5cd603558e7d8a26e50b933a0cfb79d1\windows-amd64;C:\Users\ThinkPad\.gradle\native\0.2.8\x86_64-windows-gnu

VM Arguments:
jvm_args: --add-opens=java.base/java.lang=ALL-UNNAMED --add-opens=java.base/java.lang.invoke=ALL-UNNAMED --add-opens=java.base/java.util=ALL-UNNAMED --add-opens=java.prefs/java.util.prefs=ALL-UNNAMED --add-exports=jdk.compiler/com.sun.tools.javac.api=ALL-UNNAMED --add-exports=jdk.compiler/com.sun.tools.javac.util=ALL-UNNAMED --add-opens=java.base/java.util=ALL-UNNAMED --add-opens=java.prefs/java.util.prefs=ALL-UNNAMED --add-opens=java.base/java.nio.charset=ALL-UNNAMED --add-opens=java.base/java.net=ALL-UNNAMED --add-opens=java.base/java.util.concurrent=ALL-UNNAMED --add-opens=java.base/java.util.concurrent.atomic=ALL-UNNAMED --add-opens=java.xml/javax.xml.namespace=ALL-UNNAMED --add-opens=java.base/java.time=ALL-UNNAMED --enable-native-access=ALL-UNNAMED -XX:MaxMetaspaceSize=384m -XX:+HeapDumpOnOutOfMemoryError -Xms256m -Xmx512m -Dfile.encoding=UTF-8 -Duser.country=DE -Duser.language=de -Duser.variant -javaagent:C:\Users\ThinkPad\.gradle\wrapper\dists\gradle-9.2.0-bin\11i5gvueggl8a5cioxuftxrik\gradle-9.2.0\lib\agents\gradle-instrumentation-agent-9.2.0.jar 
java_command: org.gradle.launcher.daemon.bootstrap.GradleDaemon 9.2.0
java_class_path (initial): C:\Users\ThinkPad\.gradle\wrapper\dists\gradle-9.2.0-bin\11i5gvueggl8a5cioxuftxrik\gradle-9.2.0\lib\gradle-daemon-main-9.2.0.jar
Launcher Type: SUN_STANDARD

[Global flags]
     intx CICompilerCount                          = 3                                         {product} {ergonomic}
   size_t CompressedClassSpaceSize                 = 335544320                                 {product} {ergonomic}
     uint ConcGCThreads                            = 1                                         {product} {ergonomic}
     uint G1ConcRefinementThreads                  = 4                                         {product} {ergonomic}
   size_t G1HeapRegionSize                         = 1048576                                   {product} {ergonomic}
     bool HeapDumpOnOutOfMemoryError               = true                                   {manageable} {command line}
   size_t InitialHeapSize                          = 268435456                                 {product} {command line}
   size_t MarkStackSize                            = 4194304                                   {product} {ergonomic}
   size_t MarkStackSizeMax                         = 536870912                                 {product} {ergonomic}
   size_t MaxHeapSize                              = 536870912                                 {product} {command line}
   size_t MaxMetaspaceSize                         = 402653184                                 {product} {command line}
   size_t MaxNewSize                               = 321912832                                 {product} {ergonomic}
   size_t MinHeapDeltaBytes                        = 1048576                                   {product} {ergonomic}
   size_t MinHeapSize                              = 268435456                                 {product} {command line}
    uintx NonNMethodCodeHeapSize                   = 5898240                                {pd product} {ergonomic}
    uintx NonProfiledCodeHeapSize                  = 122945536                              {pd product} {ergonomic}
    uintx ProfiledCodeHeapSize                     = 122945536                              {pd product} {ergonomic}
    uintx ReservedCodeCacheSize                    = 251789312                              {pd product} {ergonomic}
     bool SegmentedCodeCache                       = true                                      {product} {ergonomic}
   size_t SoftMaxHeapSize                          = 536870912                              {manageable} {ergonomic}
     bool UseCompressedOops                        = true                           {product lp64_product} {ergonomic}
     bool UseG1GC                                  = true                                      {product} {ergonomic}
     bool UseLargePagesIndividualAllocation        = false                                  {pd product} {ergonomic}

Logging:
Log output configuration:
 #0: stdout all=warning uptime,level,tags foldmultilines=false
 #1: stderr all=off uptime,level,tags foldmultilines=false

Release file:
IMPLEMENTOR="Eclipse Adoptium" 
IMPLEMENTOR_VERSION="Temurin-25.0.3+9" 
JAVA_RUNTIME_VERSION="25.0.3+9-LTS" 
JAVA_VERSION="25.0.3" 
JAVA_VERSION_DATE="2026-04-21" 
LIBC="default" 
MODULES="java.base java.compiler java.datatransfer java.xml java.prefs java.desktop java.instrument java.logging java.management java.security.sasl java.naming java.rmi java.management.rmi java.net.http java.scripting java.security.jgss java.transaction.xa java.sql java.sql.rowset java.xml.crypto java.se java.smartcardio jdk.accessibility jdk.internal.jvmstat jdk.attach jdk.charsets jdk.internal.opt jdk.zipfs jdk.compiler jdk.crypto.cryptoki jdk.crypto.ec jdk.crypto.mscapi jdk.dynalink jdk.internal.ed jdk.editpad jdk.internal.vm.ci jdk.graal.compiler jdk.graal.compiler.management jdk.hotspot.agent jdk.httpserver jdk.incubator.vector jdk.internal.le jdk.internal.md jdk.jartool jdk.javadoc jdk.jcmd jdk.management jdk.management.agent jdk.jconsole jdk.jdeps jdk.jdwp.agent jdk.jdi jdk.jfr jdk.jlink jdk.jpackage jdk.jshell jdk.jsobject jdk.jstatd jdk.localedata jdk.management.jfr jdk.naming.dns jdk.naming.rmi jdk.net jdk.nio.mapmode jdk.sctp jdk.security.auth jdk.security.jgss jdk.unsupported jdk.unsupported.desktop jdk.xml.dom" 
OS_ARCH="x86_64" 
OS_NAME="Windows" 
SOURCE=".:git:cda0a1776184" 
BUILD_SOURCE="git:a612825ee82a20ac872d60958c349854c1f29a8e"
BUILD_SOURCE_REPO="https://github.com/adoptium/temurin-build.git"
SOURCE_REPO="https://github.com/adoptium/jdk25u.git"
FULL_VERSION="25.0.3+9-LTS"
SEMANTIC_VERSION="25.0.3+9"
BUILD_INFO="OS: Windows Server 2022 Version: 10.0"
JVM_VARIANT="Hotspot"
JVM_VERSION="25.0.3+9-LTS"
IMAGE_TYPE="JDK"

Environment Variables:
JAVA_HOME=C:\Program Files\Eclipse Adoptium\jdk-25.0.3.9-hotspot\
PATH=C:\Program Files\Eclipse Adoptium\jdk-25.0.3.9-hotspot\bin;C:\Program Files (x86)\Rockwell Software\RSCommon;C:\TwinCAT\Common64;C:\TwinCAT\Common32;C:\Python313\Scripts\;C:\Python313\;C:\Program Files (x86)\VMware\VMware Workstation\bin\;C:\Program Files\Common Files\Siemens\Automation\Simatic OAM\bin;C:\mingw64\bin;C:\TDM-GCC-64\bin;C:\Program Files\nodejs;C:\Program Files\Git\bin;C:\Program Files\Microsoft SQL Server\Client SDK\ODBC\170\Tools\Binn\;C:\Program Files (x86)\Microsoft SQL Server\150\Tools\Binn\;C:\Program Files\Microsoft SQL Server\150\Tools\Binn\;C:\Program Files\Microsoft SQL Server\150\DTS\Binn\;C:\Program Files (x86)\Common Files\Siemens\;C:\Program Files (x86)\Common Files\Siemens\Interfaces;C:\Program Files (x86)\Common Files\Siemens\ACE\Interfaces;C:\protoc-27.2-win64\bin;D:\DeltaTau\PowerPMACSim\opt\ppmac\MinGW\bin;C:\ProgramData\chocolatey\bin;C:\Program Files\Graphviz\bin;C:\Program Files\Go\bin;C:\Windows\System32\WindowsPowerShell\v1.0\;C:\Windows\System32\;C:\ProgramData\chocolatey\bin;C:\Program Files\Erlang OTP\bin;C:\Program Files\Elixir\bin;C:\Program Files\nodejs\;C:\Program Files\PostgreSQL\18\bin;C:\Program Files (x86)\Common Files\Rockwell\;C:\Users\ThinkPad\AppData\Local\.meteor;C:\Users\ThinkPad\.cargo\bin;C:\Users\ThinkPad\AppData\Local\Programs\Python\Python312\Scripts\;C:\Users\ThinkPad\AppData\Local\Programs\Python\Python312\;C:\Users\ThinkPad\AppData\Local\Microsoft\WindowsApps;C:\Program Files\JetBrains\IntelliJ IDEA 2023.3.4\bin;;C:\Program Files\Go\bin;C:\Program Files\nodejs;C:\Program Files\Git\bin;C:\Windows\system32;C:\protoc-27.2-win64\bin;C:\Users\ThinkPad\AppData\Local\Programs\Microsoft VS Code\bin;C:\Program Files\Graphviz\bin;C:\Users\ThinkPad\go\bin;C:\Program Files\Git\usr\bin\;C:\Windows\System32\WindowsPowerShell\v1.0\;C:\Windows\System32\;C:\Users\ThinkPad\AppData\Roaming\npm;C:\Programme\PostgreSQL\18\bin;C:\Users\ThinkPad\AppData\Local\Muse Hub\lib;C:\Program Files\Eclipse Adoptium\jdk-25.0.3.9-hotspot;C:\Users\ThinkPad\AppData\Local\Programs\Antigravity IDE\binc:\Users\ThinkPad\.antigravity-ide\extensions\vscjava.vscode-java-debug-0.59.0-universal\bundled\scripts\noConfigScripts
USERNAME=ThinkPad
LANG=en_US.UTF-8
OS=Windows_NT
PROCESSOR_IDENTIFIER=Intel64 Family 6 Model 78 Stepping 3, GenuineIntel
TMP=C:\Users\ThinkPad\AppData\Local\Temp
TEMP=C:\Users\ThinkPad\AppData\Local\Temp




Compilation memory statistics disabled.

Periodic native trim disabled

---------------  S Y S T E M  ---------------

OS:
 Windows 10 , 64 bit Build 19041 (10.0.19041.5915)
OS uptime: 3 days 12:31 hours
Hyper-V role detected

CPU: total 4 (initial active 4) (2 cores per cpu, 2 threads per core) family 6 model 78 stepping 3 microcode 0xcc, cx8, cmov, fxsr, ht, mmx, 3dnowpref, sse, sse2, sse3, ssse3, sse4.1, sse4.2, popcnt, lzcnt, tsc, tscinvbit, avx, avx2, aes, erms, clmul, bmi1, bmi2, rtm, adx, fma, vzeroupper, clflush, clflushopt, hv, rdtscp, f16c
Processor Information for the first 4 processors :
  Max Mhz: 2808, Current Mhz: 2607, Mhz Limit: 2583

Memory: 4k page, system-wide physical 16251M (2515M free)
TotalPageFile size 46760M (AvailPageFile size 37M)
current process WorkingSet (physical memory assigned to process): 249M, peak: 249M
current process commit charge ("private bytes"): 416M, peak: 427M

vm_info: OpenJDK 64-Bit Server VM (25.0.3+9-LTS) for windows-amd64 JRE (25.0.3+9-LTS), built on 2026-04-21T00:00:00Z with MS VC++ 17.12 (VS2022)

END.
